2025-10-30 02:30:40,749 INFO ucb.app [req=386ae616-487d-45f2-887f-27495f118062] Incoming GET /
2025-10-30 02:30:40,756 INFO ucb.app [req=386ae616-487d-45f2-887f-27495f118062] Completed GET / -> 200
2025-10-30 02:30:40,813 INFO ucb.app [req=1f3f9ac1-0d3e-4669-a844-62af7b2fbb59] Incoming GET /favicon.ico
2025-10-30 02:30:40,814 INFO ucb.app [req=1f3f9ac1-0d3e-4669-a844-62af7b2fbb59] Completed GET /favicon.ico -> 404
2025-10-30 02:30:44,725 INFO ucb.app [req=6e84cb17-1afd-4d10-a466-a9ec9fa35104] Incoming GET /docs
2025-10-30 02:30:44,727 INFO ucb.app [req=6e84cb17-1afd-4d10-a466-a9ec9fa35104] Completed GET /docs -> 200
2025-10-30 02:30:45,711 INFO ucb.app [req=cb132f72-d831-4baa-aa08-fdbc80efb293] Incoming GET /openapi.json
2025-10-30 02:30:45,737 INFO ucb.app [req=cb132f72-d831-4baa-aa08-fdbc80efb293] Completed GET /openapi.json -> 200
2025-10-30 11:50:08,983 INFO ucb.app [req=99cb8187-0668-4f59-9180-0fc2b4aaa926] Incoming GET /
2025-10-30 11:50:08,993 INFO ucb.app [req=99cb8187-0668-4f59-9180-0fc2b4aaa926] Completed GET / -> 200
2025-10-30 11:50:09,055 INFO ucb.app [req=3b0c1b32-f18f-4604-b358-337d228dc13d] Incoming GET /favicon.ico
2025-10-30 11:50:09,058 INFO ucb.app [req=3b0c1b32-f18f-4604-b358-337d228dc13d] Completed GET /favicon.ico -> 404
2025-10-30 11:50:12,406 INFO ucb.app [req=9ccfadea-e452-4cb6-8ec1-60d1b699cc9e] Incoming GET /docs
2025-10-30 11:50:12,408 INFO ucb.app [req=9ccfadea-e452-4cb6-8ec1-60d1b699cc9e] Completed GET /docs -> 200
2025-10-30 11:50:12,751 INFO ucb.app [req=0740bd98-e782-44e1-8b7d-fbfd10d36f6b] Incoming GET /openapi.json
2025-10-30 11:50:12,799 INFO ucb.app [req=0740bd98-e782-44e1-8b7d-fbfd10d36f6b] Completed GET /openapi.json -> 200
2025-10-30 11:51:25,732 INFO ucb.app [req=aa5d48c6-96d4-41ff-9e0f-f6cd5e87607d] Incoming GET /api/v2/api/v2/candidates
2025-10-30 11:51:25,737 ERROR ucb.v2 [req=aa5d48c6-96d4-41ff-9e0f-f6cd5e87607d] Failed to load resume data: PARSED_DATA_PATH not found: C:\Users\user\Documents\Kanokpond\junior\shared_data\latest_parsed
2025-10-30 11:51:25,737 INFO ucb.app [req=aa5d48c6-96d4-41ff-9e0f-f6cd5e87607d] Completed GET /api/v2/api/v2/candidates -> 500
2025-10-30 11:57:46,468 INFO ucb.app [req=4a9d68ab-c04e-4003-adc1-b4b6698257f7] Incoming GET /docs
2025-10-30 11:57:46,468 INFO ucb.app [req=4a9d68ab-c04e-4003-adc1-b4b6698257f7] Completed GET /docs -> 200
2025-10-30 11:57:46,780 INFO ucb.app [req=e51abb16-5fda-49dc-b091-34407f773bab] Incoming GET /openapi.json
2025-10-30 11:57:46,819 INFO ucb.app [req=e51abb16-5fda-49dc-b091-34407f773bab] Completed GET /openapi.json -> 200
2025-10-30 11:57:56,971 INFO ucb.app [req=be32878e-cbe1-4fbc-b375-c9787c64de85] Incoming GET /api/v2/api/v2/candidates
2025-10-30 11:57:56,980 ERROR ucb.v2 [req=be32878e-cbe1-4fbc-b375-c9787c64de85] Failed to load resume data: PARSED_DATA_PATH not found: C:\Users\user\Documents\Kanokpond\junior\shared_data\latest_parsed
2025-10-30 11:57:56,980 INFO ucb.app [req=be32878e-cbe1-4fbc-b375-c9787c64de85] Completed GET /api/v2/api/v2/candidates -> 500
2025-10-30 12:01:09,892 INFO ucb.app [req=b7daab60-f9d1-4da3-9071-b6ae92d59d4f] Incoming GET /api/v2/api/v2/candidates
2025-10-30 12:01:09,896 ERROR ucb.v2 [req=b7daab60-f9d1-4da3-9071-b6ae92d59d4f] Failed to load resume data: PARSED_DATA_PATH not found: C:\Users\user\Documents\Kanokpond\junior\shared_data\latest_parsed
2025-10-30 12:01:09,896 INFO ucb.app [req=b7daab60-f9d1-4da3-9071-b6ae92d59d4f] Completed GET /api/v2/api/v2/candidates -> 500
2025-10-30 13:43:01,662 INFO ucb.app [req=9ca062b9-e3d4-4866-9725-7e62a4d69c29] Incoming GET /
2025-10-30 13:43:01,674 INFO ucb.app [req=9ca062b9-e3d4-4866-9725-7e62a4d69c29] Completed GET / -> 200
2025-10-30 13:43:07,245 INFO ucb.app [req=50c43d5a-8bc5-4cea-b7d6-9e0c39416f8a] Incoming GET /docs
2025-10-30 13:43:07,248 INFO ucb.app [req=50c43d5a-8bc5-4cea-b7d6-9e0c39416f8a] Completed GET /docs -> 200
2025-10-30 13:43:07,596 INFO ucb.app [req=3656f716-0c03-4916-940d-04b2a8f2ae3e] Incoming GET /openapi.json
2025-10-30 13:43:07,622 INFO ucb.app [req=3656f716-0c03-4916-940d-04b2a8f2ae3e] Completed GET /openapi.json -> 200
2025-10-30 13:43:58,316 INFO ucb.app [req=7c587439-9e36-452d-88f3-20265c72523e] Incoming GET /api/v2/api/v2/candidates
2025-10-30 13:43:58,321 ERROR ucb.v2 [req=7c587439-9e36-452d-88f3-20265c72523e] Failed to load resume data: PARSED_DATA_PATH not found: C:\Users\user\Documents\Kanokpond\junior\shared_data\latest_parsed
2025-10-30 13:43:58,321 INFO ucb.app [req=7c587439-9e36-452d-88f3-20265c72523e] Completed GET /api/v2/api/v2/candidates -> 500
2025-10-30 13:49:29,881 INFO ucb.app [req=b708966f-85f4-4885-ae30-fca53cefef48] Incoming GET /docs
2025-10-30 13:49:29,891 INFO ucb.app [req=b708966f-85f4-4885-ae30-fca53cefef48] Completed GET /docs -> 200
2025-10-30 13:49:30,185 INFO ucb.app [req=759ae9e7-dc07-4316-874d-b6e5fc1d7c3a] Incoming GET /openapi.json
2025-10-30 13:49:30,220 INFO ucb.app [req=759ae9e7-dc07-4316-874d-b6e5fc1d7c3a] Completed GET /openapi.json -> 200
2025-10-30 13:49:51,129 INFO ucb.app [req=8b790164-8498-43a9-9a3f-56b80d42592c] Incoming GET /api/v2/candidates
2025-10-30 13:49:51,138 ERROR ucb.v2 [req=8b790164-8498-43a9-9a3f-56b80d42592c] Failed to load resume data: PARSED_DATA_PATH not found: C:\Users\user\Documents\Kanokpond\junior\shared_data\latest_parsed
2025-10-30 13:49:51,138 INFO ucb.app [req=8b790164-8498-43a9-9a3f-56b80d42592c] Completed GET /api/v2/candidates -> 500
2025-10-30 13:53:15,305 INFO ucb.app [req=26dc5719-6397-4bd6-ab89-8516ffa8c572] Incoming GET /docs
2025-10-30 13:53:15,320 INFO ucb.app [req=26dc5719-6397-4bd6-ab89-8516ffa8c572] Completed GET /docs -> 200
2025-10-30 13:53:15,514 INFO ucb.app [req=e12e1a8f-a2c6-4a3f-a1f3-4c4a23f9c625] Incoming GET /openapi.json
2025-10-30 13:53:15,546 INFO ucb.app [req=e12e1a8f-a2c6-4a3f-a1f3-4c4a23f9c625] Completed GET /openapi.json -> 200
2025-10-30 13:54:12,675 INFO ucb.app [req=3a81ca0a-0999-479a-a2ad-7a7e77f660f6] Incoming GET /api/v2/candidates
2025-10-30 13:54:12,678 ERROR ucb.v2 [req=3a81ca0a-0999-479a-a2ad-7a7e77f660f6] Failed to load resume data: PARSED_DATA_PATH not found: C:\Users\user\Documents\Kanokpond\junior\shared_data\latest_parsed
2025-10-30 13:54:12,678 INFO ucb.app [req=3a81ca0a-0999-479a-a2ad-7a7e77f660f6] Completed GET /api/v2/candidates -> 500
2025-10-30 14:49:31,677 INFO ucb.app [req=1f723bf2-db9f-47ed-bfdc-04ab81f18c86] Incoming GET /docs
2025-10-30 14:49:31,679 INFO ucb.app [req=1f723bf2-db9f-47ed-bfdc-04ab81f18c86] Completed GET /docs -> 200
2025-10-30 14:49:32,015 INFO ucb.app [req=11b090d9-f4fe-4bee-9ce8-d1f540b275a9] Incoming GET /openapi.json
2025-10-30 14:49:32,049 INFO ucb.app [req=11b090d9-f4fe-4bee-9ce8-d1f540b275a9] Completed GET /openapi.json -> 200
2025-10-30 14:49:44,207 INFO ucb.app [req=f21fd713-50f4-4d83-a1fb-e7f40eaae914] Incoming GET /api/v2/candidates
2025-10-30 14:49:45,069 INFO ucb.app [req=f21fd713-50f4-4d83-a1fb-e7f40eaae914] Completed GET /api/v2/candidates -> 200
2025-10-30 14:52:55,152 INFO ucb.app [req=27bf7832-832d-4fc4-a344-d3fd8be3d06a] Incoming GET /api/v2/candidates
2025-10-30 14:52:55,192 INFO ucb.app [req=27bf7832-832d-4fc4-a344-d3fd8be3d06a] Completed GET /api/v2/candidates -> 200
2025-10-30 14:53:19,736 INFO ucb.app [req=e5b3152f-5778-4ad6-af4a-800c7236fd5d] Incoming GET /api/v2/candidates
2025-10-30 14:53:19,760 INFO ucb.app [req=e5b3152f-5778-4ad6-af4a-800c7236fd5d] Completed GET /api/v2/candidates -> 200
2025-10-30 14:57:50,330 INFO ucb.app [req=f9f5dbff-8be0-457f-a5ff-a3b9f7872bf1] Incoming GET /api/v2/candidates
2025-10-30 14:57:50,360 INFO ucb.app [req=f9f5dbff-8be0-457f-a5ff-a3b9f7872bf1] Completed GET /api/v2/candidates -> 200
2025-10-30 14:58:00,697 INFO ucb.app [req=3f1171a3-c125-4101-93aa-6f7b16e10109] Incoming GET /api/v2/candidates
2025-10-30 14:58:00,733 INFO ucb.app [req=3f1171a3-c125-4101-93aa-6f7b16e10109] Completed GET /api/v2/candidates -> 200
2025-10-30 14:59:41,321 INFO ucb.app [req=7efbcf41-9933-474b-9234-f3da2a13d95c] Incoming GET /api/v2/candidates
2025-10-30 14:59:41,351 INFO ucb.app [req=7efbcf41-9933-474b-9234-f3da2a13d95c] Completed GET /api/v2/candidates -> 200
2025-10-30 14:59:48,276 INFO ucb.app [req=0e827440-6a09-4f4d-800f-eb1f4db05f43] Incoming GET /api/v2/candidates
2025-10-30 14:59:48,311 INFO ucb.app [req=0e827440-6a09-4f4d-800f-eb1f4db05f43] Completed GET /api/v2/candidates -> 200
2025-11-17 20:49:57,720 INFO ucb.app [req=f8bed6c6-8393-4d06-92e4-d3f6170c4c80] Incoming GET /
2025-11-17 20:49:57,732 INFO ucb.app [req=f8bed6c6-8393-4d06-92e4-d3f6170c4c80] Completed GET / -> 200
2025-11-17 20:49:58,390 INFO ucb.app [req=709d83f7-f534-450f-8c99-8c289feae411] Incoming GET /favicon.ico
2025-11-17 20:49:58,391 INFO ucb.app [req=709d83f7-f534-450f-8c99-8c289feae411] Completed GET /favicon.ico -> 404
2025-11-17 20:50:02,423 INFO ucb.app [req=c9378bf6-52da-4179-8bef-2c6b5249cfca] Incoming GET /docs
2025-11-17 20:50:02,423 INFO ucb.app [req=c9378bf6-52da-4179-8bef-2c6b5249cfca] Completed GET /docs -> 200
2025-11-17 20:50:02,867 INFO ucb.app [req=42efa8bc-f761-47d6-b577-69fcdb0e1b7d] Incoming GET /openapi.json
2025-11-17 20:50:02,930 INFO ucb.app [req=42efa8bc-f761-47d6-b577-69fcdb0e1b7d] Completed GET /openapi.json -> 200
2025-11-20 16:30:35,389 INFO ucb.app [req=d634b4f8-452c-445f-b2af-5a733b28750b] Incoming GET /
2025-11-20 16:30:35,397 INFO ucb.app [req=d634b4f8-452c-445f-b2af-5a733b28750b] Completed GET / -> 200
2025-11-20 16:30:35,464 INFO ucb.app [req=e23ffe00-561b-40e1-a9b9-f0f4cae9fc90] Incoming GET /favicon.ico
2025-11-20 16:30:35,466 INFO ucb.app [req=e23ffe00-561b-40e1-a9b9-f0f4cae9fc90] Completed GET /favicon.ico -> 404
2025-11-20 16:30:48,675 INFO ucb.app [req=77ec31fe-82a7-4e89-a0ac-dee583857c47] Incoming GET /docs
2025-11-20 16:30:48,676 INFO ucb.app [req=77ec31fe-82a7-4e89-a0ac-dee583857c47] Completed GET /docs -> 200
2025-11-20 16:30:48,960 INFO ucb.app [req=0de7606c-e926-423b-8501-5d68e804fe03] Incoming GET /openapi.json
2025-11-20 16:30:48,998 INFO ucb.app [req=0de7606c-e926-423b-8501-5d68e804fe03] Completed GET /openapi.json -> 200
2025-12-02 17:00:28,230 INFO ucb.app [req=ddaae820-0145-4a7f-b07b-4bf8e4673f5e] Incoming GET /
2025-12-02 17:00:28,239 INFO ucb.app [req=ddaae820-0145-4a7f-b07b-4bf8e4673f5e] Completed GET / -> 200
2025-12-02 17:00:28,304 INFO ucb.app [req=41a7ab92-ea2c-4e33-a087-9e887731fed5] Incoming GET /favicon.ico
2025-12-02 17:00:28,305 INFO ucb.app [req=41a7ab92-ea2c-4e33-a087-9e887731fed5] Completed GET /favicon.ico -> 404
2025-12-02 17:00:35,178 INFO ucb.app [req=9f60de28-42a8-4823-95e4-a4ca3a45fc57] Incoming GET /docs
2025-12-02 17:00:35,180 INFO ucb.app [req=9f60de28-42a8-4823-95e4-a4ca3a45fc57] Completed GET /docs -> 200
2025-12-02 17:00:35,660 INFO ucb.app [req=d09ba2e6-5ac2-4193-a467-8a3c0ff2a051] Incoming GET /openapi.json
2025-12-02 17:00:35,676 INFO ucb.app [req=d09ba2e6-5ac2-4193-a467-8a3c0ff2a051] Completed GET /openapi.json -> 200
2025-12-03 20:17:31,841 INFO ucb.app [req=2c69b966-29d5-45fa-a996-d61d47c2869d] Incoming GET /
2025-12-03 20:17:31,846 INFO ucb.app [req=2c69b966-29d5-45fa-a996-d61d47c2869d] Completed GET / -> 200
2025-12-03 20:17:31,894 INFO ucb.app [req=706707bc-c198-4bb0-aacc-7c787649e1b4] Incoming GET /favicon.ico
2025-12-03 20:17:31,897 INFO ucb.app [req=706707bc-c198-4bb0-aacc-7c787649e1b4] Completed GET /favicon.ico -> 404
2025-12-03 20:17:36,146 INFO ucb.app [req=ffce4529-c80a-43a5-95b2-007dc0052d1f] Incoming GET /docs
2025-12-03 20:17:36,148 INFO ucb.app [req=ffce4529-c80a-43a5-95b2-007dc0052d1f] Completed GET /docs -> 200
2025-12-03 20:17:36,394 INFO ucb.app [req=6799104e-09f6-48c3-93c2-081bd9a58a58] Incoming GET /openapi.json
2025-12-03 20:17:36,415 INFO ucb.app [req=6799104e-09f6-48c3-93c2-081bd9a58a58] Completed GET /openapi.json -> 200
2025-12-05 15:44:37,561 INFO ucb.app [req=8f7b8ecd-28d7-4180-82e2-3721155f8009] Incoming POST /api/v3/ucb/from-pdf
2025-12-05 15:44:49,446 INFO ucb.app [req=8f7b8ecd-28d7-4180-82e2-3721155f8009] Completed POST /api/v3/ucb/from-pdf -> 500
2025-12-05 17:04:38,315 INFO ucb.app [req=740aa11b-4e96-4dd7-8c4c-d6163e17d046] Incoming POST /api/v3/ucb/from-pdf
2025-12-05 17:04:50,335 INFO ucb.app [req=740aa11b-4e96-4dd7-8c4c-d6163e17d046] Completed POST /api/v3/ucb/from-pdf -> 500
2025-12-05 17:38:44,981 INFO ucb.app [req=11253073-ba50-4b92-8c61-976179ac0c3c] Incoming POST /api/v3/ucb/from-pdf
2025-12-05 17:38:45,455 INFO ucb.app [req=11253073-ba50-4b92-8c61-976179ac0c3c] Completed POST /api/v3/ucb/from-pdf -> 500
2025-12-06 13:13:09,572 INFO ucb.app [req=679ba1f1-6b52-4348-8f5c-fedaa3761f87] Incoming POST /api/v3/ucb/from-pdf
2025-12-06 13:13:10,114 INFO ucb.app [req=679ba1f1-6b52-4348-8f5c-fedaa3761f87] Completed POST /api/v3/ucb/from-pdf -> 500
2025-12-06 13:30:47,196 INFO ucb.app [req=01fdfdbd-b86f-43bc-b81d-064c80a25f23] Incoming POST /api/v3/ucb/from-pdf
2025-12-06 13:30:57,618 INFO ucb.app [req=01fdfdbd-b86f-43bc-b81d-064c80a25f23] Completed POST /api/v3/ucb/from-pdf -> 200
2025-12-06 13:44:48,009 INFO ucb.app [req=6e9a2614-36c9-47da-babd-d1bd02b0bae7] Incoming POST /api/v3/ucb/from-pdf
2025-12-06 13:45:26,707 INFO ucb.app [req=6e9a2614-36c9-47da-babd-d1bd02b0bae7] Completed POST /api/v3/ucb/from-pdf -> 200
2025-12-06 13:47:20,282 INFO ucb.app [req=48e7dec4-2685-4b0c-a4c5-7d309438b110] Incoming POST /api/v3/ucb/from-pdf
2025-12-06 13:47:55,956 INFO ucb.app [req=48e7dec4-2685-4b0c-a4c5-7d309438b110] Completed POST /api/v3/ucb/from-pdf -> 200
2025-12-06 13:56:43,511 INFO ucb.app [req=159bdb57-3298-48ce-ad45-ea1769558860] Incoming POST /api/v3/ucb/from-pdf
2025-12-06 13:57:04,369 INFO ucb.app [req=159bdb57-3298-48ce-ad45-ea1769558860] Completed POST /api/v3/ucb/from-pdf -> 200
2025-12-06 14:01:47,179 INFO ucb.app [req=6f5b1f9c-3547-4d80-bb75-fce90e9d6c1f] Incoming POST /api/v3/ucb/from-pdf
2025-12-06 14:02:15,676 INFO ucb.app [req=6f5b1f9c-3547-4d80-bb75-fce90e9d6c1f] Completed POST /api/v3/ucb/from-pdf -> 200
2025-12-06 14:02:15,688 INFO ucb.app [req=2f8b34fa-bbd1-49bf-a39a-dea06c63633c] Incoming POST /api/v3/ucb/from-pdf
2025-12-06 14:02:45,162 INFO ucb.app [req=2f8b34fa-bbd1-49bf-a39a-dea06c63633c] Completed POST /api/v3/ucb/from-pdf -> 200
2025-12-06 14:15:22,725 INFO ucb.app [req=6ac0bac7-70c5-4192-bcb4-c270678a2f44] Incoming POST /api/v3/ucb/from-pdf
2025-12-06 14:22:22,379 INFO ucb.app [req=6ac0bac7-70c5-4192-bcb4-c270678a2f44] Completed POST /api/v3/ucb/from-pdf -> 200
2025-12-06 14:23:10,069 INFO ucb.app [req=0472eb63-26b9-44d8-93fb-ca0c03fa6966] Incoming POST /api/v3/ucb/from-pdf
2025-12-06 14:23:31,299 INFO ucb.app [req=0472eb63-26b9-44d8-93fb-ca0c03fa6966] Completed POST /api/v3/ucb/from-pdf -> 200
2025-12-06 14:56:25,129 INFO ucb.app [req=f0320921-c9de-475b-b2f9-4c584d8ea564] Incoming POST /api/v3/ucb/from-pdf
2025-12-06 14:56:52,533 INFO ucb.app [req=f0320921-c9de-475b-b2f9-4c584d8ea564] Completed POST /api/v3/ucb/from-pdf -> 200
2025-12-06 15:05:27,990 INFO ucb.app [req=cbab11be-725c-4e5b-8cc1-77a1659d4d67] Incoming POST /api/v1/parse-resume
2025-12-06 15:05:27,993 INFO ucb.app [req=cbab11be-725c-4e5b-8cc1-77a1659d4d67] Completed POST /api/v1/parse-resume -> 404
2025-12-06 15:05:31,814 INFO ucb.app [req=e9f9ada8-8b7b-42db-969a-2cf593f7923a] Incoming GET /api/v1/resumes
2025-12-06 15:05:31,815 INFO ucb.app [req=e9f9ada8-8b7b-42db-969a-2cf593f7923a] Completed GET /api/v1/resumes -> 404
2025-12-06 15:12:57,964 INFO ucb.app [req=2ca8c500-9630-4181-b3eb-12d05e571e95] Incoming POST /api/v3/ucb/from-pdf
2025-12-06 15:13:23,273 INFO ucb.app [req=2ca8c500-9630-4181-b3eb-12d05e571e95] Completed POST /api/v3/ucb/from-pdf -> 200
2025-12-06 15:14:11,187 INFO ucb.app [req=3a7ffbfe-edf3-48dd-848d-646a0f0ae452] Incoming GET /api/v1/resumes
2025-12-06 15:14:11,188 INFO ucb.app [req=3a7ffbfe-edf3-48dd-848d-646a0f0ae452] Completed GET /api/v1/resumes -> 404
2025-12-06 15:14:29,900 INFO ucb.app [req=49b18b1c-2403-4f56-932c-573c5b2c9da5] Incoming GET /api/v1/resumes
2025-12-06 15:14:29,901 INFO ucb.app [req=49b18b1c-2403-4f56-932c-573c5b2c9da5] Completed GET /api/v1/resumes -> 404
2025-12-06 15:14:40,774 INFO ucb.app [req=6e80a8d7-a3bf-478d-9800-dcbb351266b7] Incoming POST /api/v3/ucb/from-pdf
2025-12-06 15:15:13,191 INFO ucb.app [req=6e80a8d7-a3bf-478d-9800-dcbb351266b7] Completed POST /api/v3/ucb/from-pdf -> 200
2025-12-06 15:22:19,473 INFO ucb.app [req=6b65ff6b-61be-4822-8a5e-97dc93ffc3a0] Incoming GET /api/v1/resumes
2025-12-06 15:22:19,474 INFO ucb.app [req=6b65ff6b-61be-4822-8a5e-97dc93ffc3a0] Completed GET /api/v1/resumes -> 404
2025-12-06 15:23:28,482 INFO ucb.app [req=8ecef664-7b0d-4ee6-9de4-9f134d19e0e7] Incoming POST /api/v3/ucb/from-pdf
2025-12-06 15:23:53,176 INFO ucb.app [req=8ecef664-7b0d-4ee6-9de4-9f134d19e0e7] Completed POST /api/v3/ucb/from-pdf -> 200
2025-12-07 15:15:53,284 INFO ucb.app [req=ba2d8c3e-9074-4dee-9344-437f4cb79dac] Incoming POST /api/v3/ucb/from-pdf
2025-12-07 15:15:53,285 INFO ucb.app [req=429fdb69-1acf-49f7-b7c0-1095f7fca23f] Incoming POST /api/v3/ucb/from-pdf
2025-12-07 15:15:53,285 INFO ucb.app [req=0a6589c2-5b7f-4a54-9762-626cb9c4e819] Incoming POST /api/v3/ucb/from-pdf
2025-12-07 15:15:53,286 INFO ucb.app [req=d01980a7-7028-4966-85fc-280b76b2f1d9] Incoming GET /api/v3/ucb/history
2025-12-07 15:15:53,286 INFO ucb.app [req=85d9b572-50c6-4e43-85b1-d92700980ec9] Incoming GET /api/v3/ucb/history
2025-12-07 15:15:53,287 INFO ucb.app [req=0121b94b-f3f2-4e4a-92d5-31c31f50508d] Incoming POST /api/v3/ucb/from-pdf
2025-12-07 15:15:53,289 INFO ucb.app [req=2290097c-b0a1-46c4-9c12-6f57c6b6c4cc] Incoming GET /api/v3/ucb/history
2025-12-07 15:15:53,291 INFO ucb.app [req=cc17fd01-5f06-4646-b41f-f17ea2b11d29] Incoming POST /api/v3/ucb/from-pdf
2025-12-07 15:15:53,292 INFO ucb.app [req=30ea5257-5284-4344-a31a-f2272531a314] Incoming GET /api/v3/ucb/history
2025-12-07 15:15:53,293 INFO ucb.app [req=d534b3cc-e9f7-46f8-bfb7-ac344127421b] Incoming POST /api/v3/ucb/from-pdf
2025-12-07 15:18:42,282 INFO ucb.app [req=ba2d8c3e-9074-4dee-9344-437f4cb79dac] Completed POST /api/v3/ucb/from-pdf -> 200
2025-12-07 15:18:42,285 INFO ucb.app [req=429fdb69-1acf-49f7-b7c0-1095f7fca23f] Completed POST /api/v3/ucb/from-pdf -> 200
2025-12-07 15:18:42,287 INFO ucb.app [req=0a6589c2-5b7f-4a54-9762-626cb9c4e819] Completed POST /api/v3/ucb/from-pdf -> 200
2025-12-07 15:18:42,311 INFO ucb.app [req=d01980a7-7028-4966-85fc-280b76b2f1d9] Completed GET /api/v3/ucb/history -> 200
2025-12-07 15:18:42,312 INFO ucb.app [req=0121b94b-f3f2-4e4a-92d5-31c31f50508d] Completed POST /api/v3/ucb/from-pdf -> 200
2025-12-07 15:18:42,315 INFO ucb.app [req=85d9b572-50c6-4e43-85b1-d92700980ec9] Completed GET /api/v3/ucb/history -> 200
2025-12-07 15:18:42,317 INFO ucb.app [req=cc17fd01-5f06-4646-b41f-f17ea2b11d29] Completed POST /api/v3/ucb/from-pdf -> 200
2025-12-07 15:18:42,328 INFO ucb.app [req=d534b3cc-e9f7-46f8-bfb7-ac344127421b] Completed POST /api/v3/ucb/from-pdf -> 200
2025-12-07 15:18:42,331 INFO ucb.app [req=2290097c-b0a1-46c4-9c12-6f57c6b6c4cc] Completed GET /api/v3/ucb/history -> 200
2025-12-07 15:18:42,342 INFO ucb.app [req=30ea5257-5284-4344-a31a-f2272531a314] Completed GET /api/v3/ucb/history -> 200
2025-12-07 15:42:57,249 INFO ucb.app [req=3174f346-581a-4458-82e3-3dd2baaa5717] Incoming POST /api/v3/ucb/from-pdf
2025-12-07 15:43:26,757 INFO ucb.app [req=3174f346-581a-4458-82e3-3dd2baaa5717] Completed POST /api/v3/ucb/from-pdf -> 200
2025-12-07 15:44:01,483 INFO ucb.app [req=55490292-fc02-4559-b076-0edddb44b52b] Incoming POST /api/v3/ucb/from-pdf
2025-12-07 15:44:35,896 INFO ucb.app [req=55490292-fc02-4559-b076-0edddb44b52b] Completed POST /api/v3/ucb/from-pdf -> 200
2025-12-07 15:45:50,015 INFO ucb.app [req=6334d2d1-61f4-449b-8c2d-6cfd98783748] Incoming POST /api/v3/ucb/from-pdf
2025-12-07 15:46:17,196 INFO ucb.app [req=6334d2d1-61f4-449b-8c2d-6cfd98783748] Completed POST /api/v3/ucb/from-pdf -> 200
2025-12-07 16:41:27,231 INFO ucb.app [req=d9615ec5-7e4b-4ea5-beee-2db30450b37c] Incoming POST /api/v3/ucb/from-pdf
2025-12-07 16:42:02,121 INFO ucb.app [req=d9615ec5-7e4b-4ea5-beee-2db30450b37c] Completed POST /api/v3/ucb/from-pdf -> 200
2025-12-07 16:46:50,195 INFO ucb.app [req=c0c42c6b-69dc-4b75-a725-4d20308e5f38] Incoming GET /api/v3/ucb/history
2025-12-07 16:46:50,239 INFO ucb.app [req=c0c42c6b-69dc-4b75-a725-4d20308e5f38] Completed GET /api/v3/ucb/history -> 200
2025-12-07 17:15:32,410 INFO ucb.app [req=2106aaec-2688-4046-932c-0586412b2f61] Incoming POST /api/v3/ucb/from-pdf
2025-12-07 17:16:17,150 INFO ucb.app [req=2106aaec-2688-4046-932c-0586412b2f61] Completed POST /api/v3/ucb/from-pdf -> 200
2025-12-07 17:26:52,218 INFO ucb.app [req=5d5fdfeb-f81a-4938-98c6-99020da82cca] Incoming POST /api/v3/ucb/from-pdf
2025-12-07 17:27:22,058 INFO ucb.app [req=5d5fdfeb-f81a-4938-98c6-99020da82cca] Completed POST /api/v3/ucb/from-pdf -> 200
2025-12-07 17:41:34,164 INFO ucb.app [req=d38f5ffd-560b-49d1-b7b2-b72850468e19] Incoming POST /api/v3/ucb/from-pdf
2025-12-07 17:41:57,960 INFO ucb.app [req=d38f5ffd-560b-49d1-b7b2-b72850468e19] Completed POST /api/v3/ucb/from-pdf -> 200
2025-12-07 17:41:57,974 INFO ucb.app [req=497d8dee-f938-4fc8-9bd1-145324ffa9a1] Incoming POST /api/v3/ucb/from-pdf
2025-12-07 17:42:35,743 INFO ucb.app [req=497d8dee-f938-4fc8-9bd1-145324ffa9a1] Completed POST /api/v3/ucb/from-pdf -> 200
2025-12-07 17:42:35,762 INFO ucb.app [req=14cdfa5c-8587-4f1f-87a1-b18b5e55a646] Incoming POST /api/v3/ucb/from-pdf
2025-12-07 17:43:01,877 INFO ucb.app [req=14cdfa5c-8587-4f1f-87a1-b18b5e55a646] Completed POST /api/v3/ucb/from-pdf -> 200
2025-12-07 17:43:01,888 INFO ucb.app [req=aa41477f-4c53-43dc-b05c-798c9e9655c2] Incoming POST /api/v3/ucb/from-pdf
2025-12-07 17:43:24,323 INFO ucb.app [req=aa41477f-4c53-43dc-b05c-798c9e9655c2] Completed POST /api/v3/ucb/from-pdf -> 200
2025-12-07 17:43:24,340 INFO ucb.app [req=5b50209a-ae55-4528-b463-dc2aa6d74afb] Incoming POST /api/v3/ucb/from-pdf
2025-12-07 17:43:24,690 INFO ucb.app [req=5b50209a-ae55-4528-b463-dc2aa6d74afb] Completed POST /api/v3/ucb/from-pdf -> 500
2025-12-07 17:43:24,696 INFO ucb.app [req=bc807b64-f30c-4319-8176-96f1e3d8ac43] Incoming POST /api/v3/ucb/from-pdf
2025-12-07 17:43:25,052 INFO ucb.app [req=bc807b64-f30c-4319-8176-96f1e3d8ac43] Completed POST /api/v3/ucb/from-pdf -> 500
2025-12-07 17:43:25,059 INFO ucb.app [req=42049490-bf40-4054-b56e-987811cc47f0] Incoming POST /api/v3/ucb/from-pdf
2025-12-07 17:43:25,403 INFO ucb.app [req=42049490-bf40-4054-b56e-987811cc47f0] Completed POST /api/v3/ucb/from-pdf -> 500
2025-12-07 17:50:38,355 INFO ucb.app [req=806c46cb-9c8d-4f0b-9b7d-583b6805c99b] Incoming POST /api/v3/ucb/from-pdf
2025-12-07 17:50:38,994 INFO ucb.app [req=806c46cb-9c8d-4f0b-9b7d-583b6805c99b] Completed POST /api/v3/ucb/from-pdf -> 500
2025-12-07 17:50:39,002 INFO ucb.app [req=de8fb09f-bee5-4e10-ba6e-7aff7153fbb1] Incoming POST /api/v3/ucb/from-pdf
2025-12-07 17:50:39,366 INFO ucb.app [req=de8fb09f-bee5-4e10-ba6e-7aff7153fbb1] Completed POST /api/v3/ucb/from-pdf -> 500
2025-12-07 17:50:39,376 INFO ucb.app [req=37808236-469b-435d-b952-ba5cea4a6fec] Incoming POST /api/v3/ucb/from-pdf
2025-12-07 17:50:39,742 INFO ucb.app [req=37808236-469b-435d-b952-ba5cea4a6fec] Completed POST /api/v3/ucb/from-pdf -> 500
2025-12-07 17:50:39,749 INFO ucb.app [req=d8ca3c79-809b-4f13-911e-b7f471b178c2] Incoming POST /api/v3/ucb/from-pdf
2025-12-07 17:50:40,100 INFO ucb.app [req=d8ca3c79-809b-4f13-911e-b7f471b178c2] Completed POST /api/v3/ucb/from-pdf -> 500
2025-12-07 17:50:40,110 INFO ucb.app [req=e918fa10-f665-4a2e-91d5-a2033d883880] Incoming POST /api/v3/ucb/from-pdf
2025-12-07 17:50:40,446 INFO ucb.app [req=e918fa10-f665-4a2e-91d5-a2033d883880] Completed POST /api/v3/ucb/from-pdf -> 500
2025-12-07 17:50:40,459 INFO ucb.app [req=827596cf-1e46-4345-a4c5-733bdf6579a5] Incoming POST /api/v3/ucb/from-pdf
2025-12-07 17:50:40,804 INFO ucb.app [req=827596cf-1e46-4345-a4c5-733bdf6579a5] Completed POST /api/v3/ucb/from-pdf -> 500
2025-12-07 17:50:40,811 INFO ucb.app [req=8ea13c1a-140a-4da6-b3a9-4c486343baca] Incoming POST /api/v3/ucb/from-pdf
2025-12-07 17:50:41,138 INFO ucb.app [req=8ea13c1a-140a-4da6-b3a9-4c486343baca] Completed POST /api/v3/ucb/from-pdf -> 500
2025-12-07 17:59:01,107 INFO ucb.app [req=69330eb7-72c0-4726-b3d0-61a3955a5184] Incoming POST /api/v3/ucb/from-pdf
2025-12-07 18:17:40,881 INFO ucb.app [req=69330eb7-72c0-4726-b3d0-61a3955a5184] Completed POST /api/v3/ucb/from-pdf -> 500
2025-12-07 18:18:11,216 INFO ucb.app [req=2ed29644-08aa-4f59-9c64-1301d5f1852d] Incoming POST /api/v3/ucb/from-pdf
2025-12-07 18:18:11,586 INFO ucb.app [req=2ed29644-08aa-4f59-9c64-1301d5f1852d] Completed POST /api/v3/ucb/from-pdf -> 500
2025-12-07 18:18:41,608 INFO ucb.app [req=312d27d4-8923-42e9-ae22-fffaf76c7a17] Incoming POST /api/v3/ucb/from-pdf
2025-12-07 18:18:41,965 INFO ucb.app [req=312d27d4-8923-42e9-ae22-fffaf76c7a17] Completed POST /api/v3/ucb/from-pdf -> 500
2025-12-07 18:19:12,292 INFO ucb.app [req=dee23564-5ceb-4bdd-9655-d03074e011fe] Incoming POST /api/v3/ucb/from-pdf
2025-12-07 18:19:12,630 INFO ucb.app [req=dee23564-5ceb-4bdd-9655-d03074e011fe] Completed POST /api/v3/ucb/from-pdf -> 500
2025-12-07 18:19:42,651 INFO ucb.app [req=a5ba7cb0-9b0e-4d93-8deb-721c5a73fc21] Incoming POST /api/v3/ucb/from-pdf
2025-12-07 18:19:43,021 INFO ucb.app [req=a5ba7cb0-9b0e-4d93-8deb-721c5a73fc21] Completed POST /api/v3/ucb/from-pdf -> 500
2025-12-07 18:20:13,354 INFO ucb.app [req=afea5659-3b0d-4b7a-a257-7d3aeab45087] Incoming POST /api/v3/ucb/from-pdf
2025-12-07 18:20:13,694 INFO ucb.app [req=afea5659-3b0d-4b7a-a257-7d3aeab45087] Completed POST /api/v3/ucb/from-pdf -> 500
2025-12-07 18:20:43,713 INFO ucb.app [req=2561439c-5c9d-41f1-aee6-29f42d5d82c5] Incoming POST /api/v3/ucb/from-pdf
2025-12-07 18:20:44,079 INFO ucb.app [req=2561439c-5c9d-41f1-aee6-29f42d5d82c5] Completed POST /api/v3/ucb/from-pdf -> 500
2025-12-07 18:21:14,413 INFO ucb.app [req=84db41b2-827d-47f6-84eb-8120a8de2eaf] Incoming POST /api/v3/ucb/from-pdf
2025-12-07 18:21:14,748 INFO ucb.app [req=84db41b2-827d-47f6-84eb-8120a8de2eaf] Completed POST /api/v3/ucb/from-pdf -> 500
2025-12-07 18:21:44,772 INFO ucb.app [req=35e6cf21-e888-4d32-aa3e-88de1743f6fa] Incoming POST /api/v3/ucb/from-pdf
2025-12-07 18:21:45,127 INFO ucb.app [req=35e6cf21-e888-4d32-aa3e-88de1743f6fa] Completed POST /api/v3/ucb/from-pdf -> 500
2025-12-07 18:22:15,455 INFO ucb.app [req=2208c205-e5ac-48bb-8b63-3be84245d530] Incoming POST /api/v3/ucb/from-pdf
2025-12-07 18:22:15,817 INFO ucb.app [req=2208c205-e5ac-48bb-8b63-3be84245d530] Completed POST /api/v3/ucb/from-pdf -> 500
2025-12-07 18:22:45,831 INFO ucb.app [req=f218a690-49cf-43de-ad69-f91c31080e82] Incoming POST /api/v3/ucb/from-pdf
2025-12-07 18:22:46,218 INFO ucb.app [req=f218a690-49cf-43de-ad69-f91c31080e82] Completed POST /api/v3/ucb/from-pdf -> 500
2025-12-07 18:23:16,546 INFO ucb.app [req=4834b7a5-a4c6-44c0-b887-cdb8fef241a0] Incoming POST /api/v3/ucb/from-pdf
2025-12-07 18:23:16,903 INFO ucb.app [req=4834b7a5-a4c6-44c0-b887-cdb8fef241a0] Completed POST /api/v3/ucb/from-pdf -> 500
2025-12-07 18:23:46,921 INFO ucb.app [req=3aa8e13b-5670-4895-b03b-687938e9125e] Incoming POST /api/v3/ucb/from-pdf
2025-12-07 18:23:47,272 INFO ucb.app [req=3aa8e13b-5670-4895-b03b-687938e9125e] Completed POST /api/v3/ucb/from-pdf -> 500
2025-12-07 18:24:17,593 INFO ucb.app [req=b7fc82f1-4933-4374-b812-2cc43494952d] Incoming POST /api/v3/ucb/from-pdf
2025-12-07 18:24:17,985 INFO ucb.app [req=b7fc82f1-4933-4374-b812-2cc43494952d] Completed POST /api/v3/ucb/from-pdf -> 500
2025-12-07 18:24:47,995 INFO ucb.app [req=9377e8fb-2cdc-45ad-975b-a8fdf08597c2] Incoming POST /api/v3/ucb/from-pdf
2025-12-07 18:24:48,390 INFO ucb.app [req=9377e8fb-2cdc-45ad-975b-a8fdf08597c2] Completed POST /api/v3/ucb/from-pdf -> 500
2025-12-07 18:25:19,388 INFO ucb.app [req=678b96d2-b059-4901-9833-e0d88abfe7a4] Incoming POST /api/v3/ucb/from-pdf
2025-12-07 18:25:19,748 INFO ucb.app [req=678b96d2-b059-4901-9833-e0d88abfe7a4] Completed POST /api/v3/ucb/from-pdf -> 500
2025-12-07 18:25:50,045 INFO ucb.app [req=170fe462-20ec-4b5c-9061-b7b956768279] Incoming POST /api/v3/ucb/from-pdf
2025-12-07 18:25:50,395 INFO ucb.app [req=170fe462-20ec-4b5c-9061-b7b956768279] Completed POST /api/v3/ucb/from-pdf -> 500
2025-12-07 18:26:21,361 INFO ucb.app [req=9a65e85f-8c51-4d08-8412-a09fcb639fae] Incoming POST /api/v3/ucb/from-pdf
2025-12-07 18:26:21,705 INFO ucb.app [req=9a65e85f-8c51-4d08-8412-a09fcb639fae] Completed POST /api/v3/ucb/from-pdf -> 500
2025-12-07 18:26:52,052 INFO ucb.app [req=3d5ff22e-a702-460a-b1ef-b4abc4f79577] Incoming POST /api/v3/ucb/from-pdf
2025-12-07 18:26:52,424 INFO ucb.app [req=3d5ff22e-a702-460a-b1ef-b4abc4f79577] Completed POST /api/v3/ucb/from-pdf -> 500
2025-12-07 18:27:23,350 INFO ucb.app [req=12a0d6df-9096-443e-a7d4-e8750dfffb9e] Incoming POST /api/v3/ucb/from-pdf
2025-12-07 18:27:23,710 INFO ucb.app [req=12a0d6df-9096-443e-a7d4-e8750dfffb9e] Completed POST /api/v3/ucb/from-pdf -> 500
2025-12-07 18:27:54,041 INFO ucb.app [req=304301d2-047d-446c-9c37-6da34543ee41] Incoming POST /api/v3/ucb/from-pdf
2025-12-07 18:27:54,387 INFO ucb.app [req=304301d2-047d-446c-9c37-6da34543ee41] Completed POST /api/v3/ucb/from-pdf -> 500
2025-12-07 18:32:58,685 INFO ucb.app [req=f0d7d30b-f86c-4aeb-876f-aa0071692a3c] Incoming POST /api/v3/ucb/from-pdf
2025-12-07 18:48:20,665 INFO ucb.app [req=f0d7d30b-f86c-4aeb-876f-aa0071692a3c] Completed POST /api/v3/ucb/from-pdf -> 500
2025-12-07 18:49:21,369 INFO ucb.app [req=718afccb-a7fa-4a1a-ba8b-9292340d5ada] Incoming POST /api/v3/ucb/from-pdf
2025-12-07 18:49:21,909 INFO ucb.app [req=718afccb-a7fa-4a1a-ba8b-9292340d5ada] Completed POST /api/v3/ucb/from-pdf -> 500
2025-12-07 18:50:22,359 INFO ucb.app [req=d588eaac-c37f-49f4-9161-479301aae4d0] Incoming POST /api/v3/ucb/from-pdf
2025-12-07 18:50:22,873 INFO ucb.app [req=d588eaac-c37f-49f4-9161-479301aae4d0] Completed POST /api/v3/ucb/from-pdf -> 500
2025-12-07 18:51:23,357 INFO ucb.app [req=0e7b6977-9783-4c9b-9a7c-7dc280ed26c6] Incoming POST /api/v3/ucb/from-pdf
2025-12-07 18:51:23,926 INFO ucb.app [req=0e7b6977-9783-4c9b-9a7c-7dc280ed26c6] Completed POST /api/v3/ucb/from-pdf -> 500
2025-12-07 18:52:24,344 INFO ucb.app [req=c5fed91a-e830-40b3-af49-718793fa53f0] Incoming POST /api/v3/ucb/from-pdf
2025-12-07 18:52:24,939 INFO ucb.app [req=c5fed91a-e830-40b3-af49-718793fa53f0] Completed POST /api/v3/ucb/from-pdf -> 500
2025-12-07 18:53:25,354 INFO ucb.app [req=7c9cdd7d-1c83-4840-9809-ca69815e8ef9] Incoming POST /api/v3/ucb/from-pdf
2025-12-07 18:53:25,870 INFO ucb.app [req=7c9cdd7d-1c83-4840-9809-ca69815e8ef9] Completed POST /api/v3/ucb/from-pdf -> 500
2025-12-07 18:53:41,618 INFO ucb.app [req=ba361b7f-e77d-40d9-9b88-4128eaee9926] Incoming POST /api/v3/ucb/from-pdf
2025-12-07 18:53:41,940 INFO ucb.app [req=ba361b7f-e77d-40d9-9b88-4128eaee9926] Completed POST /api/v3/ucb/from-pdf -> 500
2025-12-07 19:08:35,989 INFO ucb.app [req=90bf7435-1c49-46b4-aeed-880f300486d9] Incoming POST /api/v3/ucb/from-pdf
2025-12-07 19:08:36,393 INFO ucb.app [req=90bf7435-1c49-46b4-aeed-880f300486d9] Completed POST /api/v3/ucb/from-pdf -> 500
2025-12-07 19:09:36,728 INFO ucb.app [req=653feaca-2108-4524-85c0-76507a43d8f1] Incoming POST /api/v3/ucb/from-pdf
2025-12-07 19:09:36,865 INFO ucb.app [req=653feaca-2108-4524-85c0-76507a43d8f1] Completed POST /api/v3/ucb/from-pdf -> 500
2025-12-07 19:10:37,341 INFO ucb.app [req=e9bd492f-ac59-4689-9ee1-6fb86c9d4eb5] Incoming POST /api/v3/ucb/from-pdf
2025-12-07 19:11:38,490 INFO ucb.app [req=e9bd492f-ac59-4689-9ee1-6fb86c9d4eb5] Completed POST /api/v3/ucb/from-pdf -> 500
2025-12-07 19:12:39,312 INFO ucb.app [req=86b55b52-f473-4aed-800e-4e3b522dc998] Incoming POST /api/v3/ucb/from-pdf
2025-12-07 19:12:39,507 INFO ucb.app [req=86b55b52-f473-4aed-800e-4e3b522dc998] Completed POST /api/v3/ucb/from-pdf -> 500
2025-12-07 19:13:40,309 INFO ucb.app [req=2d555282-4edc-406a-ab3f-88d900d94468] Incoming POST /api/v3/ucb/from-pdf
2025-12-07 19:13:40,597 INFO ucb.app [req=2d555282-4edc-406a-ab3f-88d900d94468] Completed POST /api/v3/ucb/from-pdf -> 500
2025-12-07 19:14:20,623 INFO ucb.app [req=6eb6f1d9-3178-483e-a4a6-10c4b166d76a] Incoming POST /api/v3/ucb/from-pdf
2025-12-07 19:14:21,263 INFO ucb.app [req=6eb6f1d9-3178-483e-a4a6-10c4b166d76a] Completed POST /api/v3/ucb/from-pdf -> 500
2025-12-07 19:15:21,589 INFO ucb.app [req=28b39bba-b0b4-4c4b-a665-e475f13f1e2e] Incoming POST /api/v3/ucb/from-pdf
2025-12-07 19:15:22,285 INFO ucb.app [req=28b39bba-b0b4-4c4b-a665-e475f13f1e2e] Completed POST /api/v3/ucb/from-pdf -> 500
2025-12-07 19:16:22,600 INFO ucb.app [req=e00f4bfb-6410-465f-9d92-b37d1f1ca215] Incoming POST /api/v3/ucb/from-pdf
2025-12-07 19:16:23,207 INFO ucb.app [req=e00f4bfb-6410-465f-9d92-b37d1f1ca215] Completed POST /api/v3/ucb/from-pdf -> 500
2025-12-07 19:17:23,530 INFO ucb.app [req=fe539507-cb22-434b-881a-776900624459] Incoming POST /api/v3/ucb/from-pdf
2025-12-07 19:17:24,102 INFO ucb.app [req=fe539507-cb22-434b-881a-776900624459] Completed POST /api/v3/ucb/from-pdf -> 500
2025-12-07 19:18:22,492 INFO ucb.app [req=bbee1bb5-3034-4cf4-a00e-862beb7bd1a8] Incoming POST /api/v3/ucb/from-pdf
2025-12-07 19:18:22,970 INFO ucb.app [req=bbee1bb5-3034-4cf4-a00e-862beb7bd1a8] Completed POST /api/v3/ucb/from-pdf -> 500
2025-12-07 19:19:23,313 INFO ucb.app [req=2f6cd49d-44a3-4c34-9921-41626d8a8d3e] Incoming POST /api/v3/ucb/from-pdf
2025-12-07 19:19:23,806 INFO ucb.app [req=2f6cd49d-44a3-4c34-9921-41626d8a8d3e] Completed POST /api/v3/ucb/from-pdf -> 500
2025-12-07 19:20:24,294 INFO ucb.app [req=1bb35c5e-f40a-4ede-a7cb-e6dccb479a2f] Incoming POST /api/v3/ucb/from-pdf
2025-12-07 19:20:24,804 INFO ucb.app [req=1bb35c5e-f40a-4ede-a7cb-e6dccb479a2f] Completed POST /api/v3/ucb/from-pdf -> 500
2025-12-07 19:22:45,143 INFO ucb.app [req=8640e0f4-20b7-46d5-8802-2677e74ae14f] Incoming POST /api/v3/ucb/from-pdf
2025-12-07 19:22:45,798 INFO ucb.app [req=8640e0f4-20b7-46d5-8802-2677e74ae14f] Completed POST /api/v3/ucb/from-pdf -> 500
2025-12-07 19:23:46,295 INFO ucb.app [req=57d805da-cce6-4a3f-b86c-5e55550039a5] Incoming POST /api/v3/ucb/from-pdf
2025-12-07 19:23:46,808 INFO ucb.app [req=57d805da-cce6-4a3f-b86c-5e55550039a5] Completed POST /api/v3/ucb/from-pdf -> 500
2025-12-07 19:24:43,876 INFO ucb.app [req=f38ba390-0cbc-4b7e-966a-1dd4f1872021] Incoming POST /api/v3/ucb/from-pdf
2025-12-07 19:24:44,375 INFO ucb.app [req=f38ba390-0cbc-4b7e-966a-1dd4f1872021] Completed POST /api/v3/ucb/from-pdf -> 500
2025-12-07 19:26:25,881 INFO ucb.app [req=654445ac-d0d9-4807-8999-b83a533b8b4d] Incoming POST /api/v3/ucb/from-pdf
2025-12-07 19:26:26,651 INFO ucb.app [req=654445ac-d0d9-4807-8999-b83a533b8b4d] Completed POST /api/v3/ucb/from-pdf -> 500
2025-12-07 19:27:27,314 INFO ucb.app [req=640a20e6-275e-4572-be4c-cd89e0f2f618] Incoming POST /api/v3/ucb/from-pdf
2025-12-07 19:27:27,898 INFO ucb.app [req=640a20e6-275e-4572-be4c-cd89e0f2f618] Completed POST /api/v3/ucb/from-pdf -> 500
2025-12-07 19:28:28,312 INFO ucb.app [req=3e36036a-6fe0-4d73-b6dd-cf99acc48a35] Incoming POST /api/v3/ucb/from-pdf
2025-12-07 19:28:28,904 INFO ucb.app [req=3e36036a-6fe0-4d73-b6dd-cf99acc48a35] Completed POST /api/v3/ucb/from-pdf -> 500
2025-12-07 19:29:55,098 INFO ucb.app [req=386e304b-6366-4a85-acc7-44a7db6cdaa9] Incoming POST /api/v3/ucb/from-pdf
2025-12-07 19:29:55,757 INFO ucb.app [req=386e304b-6366-4a85-acc7-44a7db6cdaa9] Completed POST /api/v3/ucb/from-pdf -> 500
2025-12-07 19:30:56,297 INFO ucb.app [req=a45c82d4-5032-4f2e-ae65-2a2c14b90c44] Incoming POST /api/v3/ucb/from-pdf
2025-12-07 19:30:56,866 INFO ucb.app [req=a45c82d4-5032-4f2e-ae65-2a2c14b90c44] Completed POST /api/v3/ucb/from-pdf -> 500
2025-12-07 19:31:57,297 INFO ucb.app [req=56d2ccfb-3445-43b5-987a-f72955b6e696] Incoming POST /api/v3/ucb/from-pdf
2025-12-07 19:31:57,949 INFO ucb.app [req=56d2ccfb-3445-43b5-987a-f72955b6e696] Completed POST /api/v3/ucb/from-pdf -> 500
2025-12-07 20:16:16,717 INFO ucb.app [req=c768f7ae-ce12-4e77-ba0f-5aa91ff2f1c8] Incoming POST /api/v3/ucb/from-pdf
2025-12-07 20:16:17,394 INFO ucb.app [req=c768f7ae-ce12-4e77-ba0f-5aa91ff2f1c8] Completed POST /api/v3/ucb/from-pdf -> 500
2025-12-07 20:17:18,266 INFO ucb.app [req=55a59c6b-d5d4-4bf9-9f79-af2a7981b6de] Incoming POST /api/v3/ucb/from-pdf
2025-12-07 20:17:18,761 INFO ucb.app [req=55a59c6b-d5d4-4bf9-9f79-af2a7981b6de] Completed POST /api/v3/ucb/from-pdf -> 500
2025-12-07 20:18:19,274 INFO ucb.app [req=ecc48e0b-4c24-4154-983b-8e15db86fae6] Incoming POST /api/v3/ucb/from-pdf
2025-12-07 20:18:19,774 INFO ucb.app [req=ecc48e0b-4c24-4154-983b-8e15db86fae6] Completed POST /api/v3/ucb/from-pdf -> 500
2025-12-07 20:22:55,528 INFO ucb.app [req=fd1c9c39-d900-462b-b52b-6f7501033ee2] Incoming POST /api/v3/ucb/from-pdf
2025-12-07 20:22:55,973 INFO ucb.app [req=fd1c9c39-d900-462b-b52b-6f7501033ee2] Completed POST /api/v3/ucb/from-pdf -> 500
2025-12-07 20:23:57,275 INFO ucb.app [req=3ce5c94b-2fbb-4ded-a4b6-3005eab6ff15] Incoming POST /api/v3/ucb/from-pdf
2025-12-07 20:23:57,365 INFO ucb.app [req=3ce5c94b-2fbb-4ded-a4b6-3005eab6ff15] Completed POST /api/v3/ucb/from-pdf -> 500
2025-12-07 20:24:58,268 INFO ucb.app [req=4c848a1c-9e85-41ef-a4db-eafe87abf4df] Incoming POST /api/v3/ucb/from-pdf
2025-12-07 20:24:58,405 INFO ucb.app [req=4c848a1c-9e85-41ef-a4db-eafe87abf4df] Completed POST /api/v3/ucb/from-pdf -> 500
2025-12-08 12:14:47,317 INFO ucb.app [req=7b4a7149-398e-406f-9a80-f982876bd7f7] Incoming POST /api/v3/ucb/from-pdf
2025-12-08 12:14:47,765 INFO ucb.app [req=7b4a7149-398e-406f-9a80-f982876bd7f7] Completed POST /api/v3/ucb/from-pdf -> 500
2025-12-08 12:15:48,214 INFO ucb.app [req=35d0d497-f655-4d0c-b769-d6c39898c8eb] Incoming POST /api/v3/ucb/from-pdf
2025-12-08 12:15:48,473 INFO ucb.app [req=35d0d497-f655-4d0c-b769-d6c39898c8eb] Completed POST /api/v3/ucb/from-pdf -> 500
2025-12-08 12:16:49,218 INFO ucb.app [req=a99b788d-b0dc-4bd4-8f98-cb8ed9994dd8] Incoming POST /api/v3/ucb/from-pdf
2025-12-08 12:16:49,349 INFO ucb.app [req=a99b788d-b0dc-4bd4-8f98-cb8ed9994dd8] Completed POST /api/v3/ucb/from-pdf -> 500
2025-12-08 12:33:33,229 INFO ucb.app [req=55724ea7-977b-41fa-a4ec-c82ee0640d79] Incoming POST /api/v3/ucb/from-pdf
2025-12-08 14:50:03,549 INFO ucb.app [req=55784acf-14b5-484c-b136-f9cb9c2a0318] Incoming POST /api/v3/ucb/from-pdf
2025-12-08 14:50:03,550 INFO ucb.app [req=5db72c77-2584-464a-b2c5-24e9df020a6e] Incoming POST /api/v3/ucb/from-pdf
2025-12-08 14:50:03,552 INFO ucb.app [req=6edb0c4b-74ce-47de-a949-43b0a3ae4939] Incoming POST /api/v3/ucb/from-pdf
2025-12-08 14:50:03,553 INFO ucb.app [req=823a53c5-9443-4967-98bd-00d755370acc] Incoming POST /api/v3/ucb/from-pdf
2025-12-08 14:50:04,325 INFO ucb.app [req=55724ea7-977b-41fa-a4ec-c82ee0640d79] Completed POST /api/v3/ucb/from-pdf -> 500
2025-12-08 14:50:04,443 INFO ucb.app [req=5db72c77-2584-464a-b2c5-24e9df020a6e] Completed POST /api/v3/ucb/from-pdf -> 500
2025-12-08 14:50:04,444 INFO ucb.app [req=6edb0c4b-74ce-47de-a949-43b0a3ae4939] Completed POST /api/v3/ucb/from-pdf -> 500
2025-12-08 14:50:04,446 INFO ucb.app [req=55784acf-14b5-484c-b136-f9cb9c2a0318] Completed POST /api/v3/ucb/from-pdf -> 500
2025-12-08 14:50:04,446 INFO ucb.app [req=823a53c5-9443-4967-98bd-00d755370acc] Completed POST /api/v3/ucb/from-pdf -> 500
2025-12-08 15:05:01,330 INFO ucb.app [req=b7f87b64-31ba-4941-80fa-920f6ae1d439] Incoming POST /api/v3/ucb/from-pdf
2025-12-08 18:24:49,479 INFO ucb.app [req=1c84dbed-9d4e-472c-88ad-6db48ea3cec3] Incoming POST /api/v3/ucb/from-pdf
2025-12-08 18:25:16,733 INFO ucb.app [req=1c84dbed-9d4e-472c-88ad-6db48ea3cec3] Completed POST /api/v3/ucb/from-pdf -> 200
2025-12-08 18:37:01,588 INFO ucb.app [req=75471dfa-6857-4a18-944d-70090799e195] Incoming POST /api/v3/ucb/from-pdf
2025-12-08 18:47:28,082 INFO ucb.app [req=75471dfa-6857-4a18-944d-70090799e195] Completed POST /api/v3/ucb/from-pdf -> 200
2025-12-08 20:10:56,093 INFO ucb.app [req=797f828c-c3e0-4912-bf25-aa492a8e9550] Incoming POST /api/v3/ucb/from-pdf
2025-12-08 20:11:54,967 INFO ucb.app [req=797f828c-c3e0-4912-bf25-aa492a8e9550] Completed POST /api/v3/ucb/from-pdf -> 200
2025-12-08 21:03:41,099 INFO ucb.app [req=1c3aa951-5ebe-42f5-a6b0-9b94d48fa2c9] Incoming GET /api/v3/jobs
2025-12-08 21:03:41,102 INFO ucb.app [req=1c3aa951-5ebe-42f5-a6b0-9b94d48fa2c9] Completed GET /api/v3/jobs -> 404
2025-12-08 21:03:41,623 INFO ucb.app [req=48dfb7dc-ded2-45b4-9b3e-eec67630e496] Incoming GET /api/v3/jobs
2025-12-08 21:03:41,624 INFO ucb.app [req=48dfb7dc-ded2-45b4-9b3e-eec67630e496] Completed GET /api/v3/jobs -> 404
2025-12-08 21:10:55,477 INFO ucb.app [req=fce08c7f-4c74-4d7b-8bb8-585508811dd7] Incoming GET /api/v3/jobs
2025-12-08 21:13:04,776 INFO ucb.app [req=fce08c7f-4c74-4d7b-8bb8-585508811dd7] Completed GET /api/v3/jobs -> 404
2025-12-08 21:13:23,233 INFO ucb.app [req=36bf8507-297a-4fdb-b381-03cd767a4438] Incoming GET /api/v3/jobs
2025-12-08 21:13:23,235 INFO ucb.app [req=36bf8507-297a-4fdb-b381-03cd767a4438] Completed GET /api/v3/jobs -> 404
2025-12-08 21:13:23,407 INFO ucb.app [req=addffd44-8b4c-4520-892a-0e72a2aee1c0] Incoming GET /api/v3/jobs
2025-12-08 21:13:23,408 INFO ucb.app [req=addffd44-8b4c-4520-892a-0e72a2aee1c0] Completed GET /api/v3/jobs -> 404
2025-12-08 21:16:22,780 INFO ucb.app [req=9ceb01ae-4dbc-4ef4-b949-5f51af3f4cf2] Incoming OPTIONS /api/v3/jobs
2025-12-08 21:16:22,782 INFO ucb.app [req=9ceb01ae-4dbc-4ef4-b949-5f51af3f4cf2] Completed OPTIONS /api/v3/jobs -> 200
2025-12-08 21:16:22,787 INFO ucb.app [req=6880a32e-d391-47d1-a421-285c0607681a] Incoming POST /api/v3/jobs
2025-12-08 21:16:22,787 INFO ucb.app [req=6880a32e-d391-47d1-a421-285c0607681a] Completed POST /api/v3/jobs -> 404
2025-12-08 21:16:24,934 INFO ucb.app [req=b4727486-dda0-49b0-b809-eaf3d7a6d45f] Incoming OPTIONS /api/v3/jobs
2025-12-08 21:16:24,935 INFO ucb.app [req=b4727486-dda0-49b0-b809-eaf3d7a6d45f] Completed OPTIONS /api/v3/jobs -> 200
2025-12-08 21:16:24,939 INFO ucb.app [req=e88d1d9f-3ade-4b44-be41-382b1d268828] Incoming POST /api/v3/jobs
2025-12-08 21:16:24,941 INFO ucb.app [req=e88d1d9f-3ade-4b44-be41-382b1d268828] Completed POST /api/v3/jobs -> 404
2025-12-08 21:16:28,998 INFO ucb.app [req=b480a0e0-11db-42f6-b412-d2b6fa411987] Incoming OPTIONS /api/v3/jobs
2025-12-08 21:16:29,000 INFO ucb.app [req=b480a0e0-11db-42f6-b412-d2b6fa411987] Completed OPTIONS /api/v3/jobs -> 200
2025-12-08 21:16:29,003 INFO ucb.app [req=784e925d-7ba8-4757-8f55-97e233084098] Incoming POST /api/v3/jobs
2025-12-08 21:16:29,005 INFO ucb.app [req=784e925d-7ba8-4757-8f55-97e233084098] Completed POST /api/v3/jobs -> 404
2025-12-08 21:16:29,290 INFO ucb.app [req=1f15d44c-2de2-4e80-b927-1a7d7a4ba4f2] Incoming OPTIONS /api/v3/jobs
2025-12-08 21:16:29,291 INFO ucb.app [req=1f15d44c-2de2-4e80-b927-1a7d7a4ba4f2] Completed OPTIONS /api/v3/jobs -> 200
2025-12-08 21:16:29,295 INFO ucb.app [req=9c87f305-ef68-4897-afd8-cba2cc5e1ef4] Incoming POST /api/v3/jobs
2025-12-08 21:16:29,296 INFO ucb.app [req=9c87f305-ef68-4897-afd8-cba2cc5e1ef4] Completed POST /api/v3/jobs -> 404
2025-12-08 21:16:33,693 INFO ucb.app [req=fd890709-e2ce-4d44-981c-99f9f4747759] Incoming OPTIONS /api/v3/jobs
2025-12-08 21:16:33,695 INFO ucb.app [req=fd890709-e2ce-4d44-981c-99f9f4747759] Completed OPTIONS /api/v3/jobs -> 200
2025-12-08 21:16:33,698 INFO ucb.app [req=8f55043f-d8dd-4d7c-b77a-848de34bb449] Incoming POST /api/v3/jobs
2025-12-08 21:16:33,700 INFO ucb.app [req=8f55043f-d8dd-4d7c-b77a-848de34bb449] Completed POST /api/v3/jobs -> 404
2025-12-08 21:22:02,787 INFO ucb.app [req=711102f2-2b9e-4dbb-a279-b5aad6ec2bfb] Incoming GET /api/v3/jobs
2025-12-08 21:22:02,791 INFO ucb.app [req=711102f2-2b9e-4dbb-a279-b5aad6ec2bfb] Completed GET /api/v3/jobs -> 404
2025-12-08 21:22:04,378 INFO ucb.app [req=534546e7-de1c-45a5-b39f-4c4f33c8e2e9] Incoming GET /api/v3/jobs
2025-12-08 21:22:04,379 INFO ucb.app [req=534546e7-de1c-45a5-b39f-4c4f33c8e2e9] Completed GET /api/v3/jobs -> 404
2025-12-08 21:22:25,040 INFO ucb.app [req=82924c70-63b6-4d90-94b6-3de8d2b13879] Incoming OPTIONS /api/v3/jobs
2025-12-08 21:22:25,041 INFO ucb.app [req=82924c70-63b6-4d90-94b6-3de8d2b13879] Completed OPTIONS /api/v3/jobs -> 200
2025-12-08 21:22:25,045 INFO ucb.app [req=16436482-1251-4e36-b1f4-415dfc9ca4ac] Incoming POST /api/v3/jobs
2025-12-08 21:22:25,046 INFO ucb.app [req=16436482-1251-4e36-b1f4-415dfc9ca4ac] Completed POST /api/v3/jobs -> 404
2025-12-08 21:22:26,271 INFO ucb.app [req=e0845089-b482-4955-baff-cb6814de0fbd] Incoming OPTIONS /api/v3/jobs
2025-12-08 21:22:26,271 INFO ucb.app [req=e0845089-b482-4955-baff-cb6814de0fbd] Completed OPTIONS /api/v3/jobs -> 200
2025-12-08 21:22:26,274 INFO ucb.app [req=593cb8cd-5228-4f14-8395-939a0d602918] Incoming POST /api/v3/jobs
2025-12-08 21:22:26,275 INFO ucb.app [req=593cb8cd-5228-4f14-8395-939a0d602918] Completed POST /api/v3/jobs -> 404
2025-12-08 21:29:14,468 INFO ucb.app [req=51967127-53d5-4ef7-a8dc-13671edfef6d] Incoming GET /api/v3/jobs
2025-12-08 21:29:14,469 INFO ucb.app [req=51967127-53d5-4ef7-a8dc-13671edfef6d] Completed GET /api/v3/jobs -> 200
2025-12-08 21:29:15,590 INFO ucb.app [req=40781b4f-c5e2-44ad-ae19-f618b30e4d47] Incoming GET /api/v3/jobs
2025-12-08 21:29:15,592 INFO ucb.app [req=40781b4f-c5e2-44ad-ae19-f618b30e4d47] Completed GET /api/v3/jobs -> 200
2025-12-08 21:30:12,386 INFO ucb.app [req=0de0c3a7-34fa-4a5c-8f35-c922b60d081e] Incoming OPTIONS /api/v3/jobs
2025-12-08 21:30:12,388 INFO ucb.app [req=0de0c3a7-34fa-4a5c-8f35-c922b60d081e] Completed OPTIONS /api/v3/jobs -> 200
2025-12-08 21:30:12,392 INFO ucb.app [req=e84fa525-8981-4614-b8b1-d19b350d87c8] Incoming POST /api/v3/jobs
2025-12-08 21:30:12,394 INFO ucb.app [req=e84fa525-8981-4614-b8b1-d19b350d87c8] Completed POST /api/v3/jobs -> 200
2025-12-08 21:30:14,598 INFO ucb.app [req=d972aeae-4640-4aed-983a-ee9b5c80b01d] Incoming GET /api/v3/jobs
2025-12-08 21:30:14,599 INFO ucb.app [req=d972aeae-4640-4aed-983a-ee9b5c80b01d] Completed GET /api/v3/jobs -> 200
2025-12-08 21:33:07,645 INFO ucb.app [req=8cfcef83-079c-4c58-b7b1-baa030379bce] Incoming GET /api/v3/jobs
2025-12-08 21:33:07,649 INFO ucb.app [req=8cfcef83-079c-4c58-b7b1-baa030379bce] Completed GET /api/v3/jobs -> 200
2025-12-08 21:35:58,201 INFO ucb.app [req=92c62a4f-36e0-4998-b105-71dd257823cd] Incoming GET /api/v3/jobs
2025-12-08 21:35:58,202 INFO ucb.app [req=92c62a4f-36e0-4998-b105-71dd257823cd] Completed GET /api/v3/jobs -> 200
2025-12-08 21:44:02,459 INFO ucb.app [req=f9639135-7d10-49ce-872e-b7ac49d9d0af] Incoming GET /api/v3/jobs
2025-12-08 21:44:02,460 INFO ucb.app [req=f9639135-7d10-49ce-872e-b7ac49d9d0af] Completed GET /api/v3/jobs -> 200
2025-12-08 21:49:57,387 INFO ucb.app [req=6aa78771-b482-4e88-975f-486d51e3aad3] Incoming GET /api/v3/jobs
2025-12-09 06:20:05,300 INFO ucb.app [req=6aa78771-b482-4e88-975f-486d51e3aad3] Completed GET /api/v3/jobs -> 200
2025-12-09 06:20:05,308 INFO ucb.app [req=69628907-da29-454a-bf35-a7efd6639a50] Incoming GET /api/v3/jobs
2025-12-09 06:20:05,309 INFO ucb.app [req=b49bb169-1ca7-4449-a963-8bff8e9c327a] Incoming GET /api/v3/jobs
2025-12-09 06:20:05,310 INFO ucb.app [req=3c380d2f-f59a-4cad-a72c-09e28a242ad3] Incoming GET /api/v3/jobs
2025-12-09 06:20:05,311 INFO ucb.app [req=970acdd9-27bb-4acb-a86e-ef2bc3c96080] Incoming GET /api/v3/jobs
2025-12-09 06:20:05,312 INFO ucb.app [req=678fd65e-2b93-4305-a1c0-389751ee4f28] Incoming GET /api/v3/jobs
2025-12-09 06:20:05,313 INFO ucb.app [req=7f487ad2-9b9e-4a94-92bb-12677105c11a] Incoming GET /api/v3/jobs
2025-12-09 06:20:05,313 INFO ucb.app [req=319d73c0-c472-4a0e-9707-8a6710ba8b08] Incoming GET /api/v3/jobs
2025-12-09 06:20:05,314 INFO ucb.app [req=b10fc1a8-a07f-4021-aba3-39cf5de00c7c] Incoming GET /api/v3/jobs
2025-12-09 06:20:05,315 INFO ucb.app [req=08246296-5dbd-49ff-936c-0615d55ba377] Incoming GET /api/v3/jobs
2025-12-09 06:20:05,316 INFO ucb.app [req=59538c5f-9d28-4fdc-9ba8-fb7c7a129bb3] Incoming GET /api/v3/jobs
2025-12-09 06:20:05,317 INFO ucb.app [req=1b0b59a0-7362-433c-81bf-4a409eaf14d0] Incoming GET /api/v3/jobs
2025-12-09 06:20:05,318 INFO ucb.app [req=f3acf725-a630-47ab-b62e-59e7031760ce] Incoming GET /api/v3/jobs
2025-12-09 06:20:05,324 INFO ucb.app [req=69628907-da29-454a-bf35-a7efd6639a50] Completed GET /api/v3/jobs -> 200
2025-12-09 06:20:05,324 INFO ucb.app [req=b49bb169-1ca7-4449-a963-8bff8e9c327a] Completed GET /api/v3/jobs -> 200
2025-12-09 06:20:05,327 INFO ucb.app [req=3c380d2f-f59a-4cad-a72c-09e28a242ad3] Completed GET /api/v3/jobs -> 200
2025-12-09 06:20:05,328 INFO ucb.app [req=970acdd9-27bb-4acb-a86e-ef2bc3c96080] Completed GET /api/v3/jobs -> 200
2025-12-09 06:20:05,329 INFO ucb.app [req=678fd65e-2b93-4305-a1c0-389751ee4f28] Completed GET /api/v3/jobs -> 200
2025-12-09 06:20:05,330 INFO ucb.app [req=7f487ad2-9b9e-4a94-92bb-12677105c11a] Completed GET /api/v3/jobs -> 200
2025-12-09 06:20:05,331 INFO ucb.app [req=319d73c0-c472-4a0e-9707-8a6710ba8b08] Completed GET /api/v3/jobs -> 200
2025-12-09 06:20:05,331 INFO ucb.app [req=b10fc1a8-a07f-4021-aba3-39cf5de00c7c] Completed GET /api/v3/jobs -> 200
2025-12-09 06:20:05,332 INFO ucb.app [req=08246296-5dbd-49ff-936c-0615d55ba377] Completed GET /api/v3/jobs -> 200
2025-12-09 06:20:05,333 INFO ucb.app [req=59538c5f-9d28-4fdc-9ba8-fb7c7a129bb3] Completed GET /api/v3/jobs -> 200
2025-12-09 06:20:05,334 INFO ucb.app [req=1b0b59a0-7362-433c-81bf-4a409eaf14d0] Completed GET /api/v3/jobs -> 200
2025-12-09 06:20:05,334 INFO ucb.app [req=f3acf725-a630-47ab-b62e-59e7031760ce] Completed GET /api/v3/jobs -> 200
2025-12-09 06:20:05,336 INFO ucb.app [req=e74d1cce-c781-4b07-9a22-d5afd554835c] Incoming GET /api/v3/jobs
2025-12-09 06:20:05,338 INFO ucb.app [req=e74d1cce-c781-4b07-9a22-d5afd554835c] Completed GET /api/v3/jobs -> 200
2025-12-09 06:20:05,342 INFO ucb.app [req=edf2ea15-7ad2-4529-9d05-2ec65acb4762] Incoming GET /api/v3/jobs
2025-12-09 06:20:05,343 INFO ucb.app [req=edf2ea15-7ad2-4529-9d05-2ec65acb4762] Completed GET /api/v3/jobs -> 200
2025-12-09 06:21:33,547 INFO ucb.app [req=442210bd-803a-4e18-893d-25da25fc8f74] Incoming GET /api/v3/jobs
2025-12-09 06:21:33,549 INFO ucb.app [req=442210bd-803a-4e18-893d-25da25fc8f74] Completed GET /api/v3/jobs -> 200
2025-12-09 06:21:37,182 INFO ucb.app [req=afc27ea9-b8d6-48fe-9c01-81135ff28952] Incoming GET /api/v3/jobs
2025-12-09 06:21:37,185 INFO ucb.app [req=afc27ea9-b8d6-48fe-9c01-81135ff28952] Completed GET /api/v3/jobs -> 200
2025-12-09 06:21:59,117 INFO ucb.app [req=09a24eb1-c349-414d-9031-1e429aaac508] Incoming GET /api/v3/jobs
2025-12-09 06:21:59,124 INFO ucb.app [req=09a24eb1-c349-414d-9031-1e429aaac508] Completed GET /api/v3/jobs -> 200
2025-12-09 06:21:59,739 INFO ucb.app [req=0c14ec7f-c1ec-42d0-8cea-382ff06f0799] Incoming GET /api/v3/jobs
2025-12-09 06:21:59,742 INFO ucb.app [req=0c14ec7f-c1ec-42d0-8cea-382ff06f0799] Completed GET /api/v3/jobs -> 200
2025-12-09 06:23:36,310 INFO ucb.app [req=a9399c8a-4f60-41a9-86d5-d024c3e5b0e2] Incoming GET /api/v3/jobs
2025-12-09 06:23:36,313 INFO ucb.app [req=a9399c8a-4f60-41a9-86d5-d024c3e5b0e2] Completed GET /api/v3/jobs -> 200
2025-12-09 06:23:36,524 INFO ucb.app [req=8ca8151b-b160-4aa2-bcf8-dea412cb24b6] Incoming GET /api/v3/jobs
2025-12-09 06:23:36,526 INFO ucb.app [req=8ca8151b-b160-4aa2-bcf8-dea412cb24b6] Completed GET /api/v3/jobs -> 200
2025-12-09 06:24:02,504 INFO ucb.app [req=8b511b91-2e4e-4926-bbfe-6e960930c4d3] Incoming GET /api/v3/jobs
2025-12-09 06:24:02,506 INFO ucb.app [req=8b511b91-2e4e-4926-bbfe-6e960930c4d3] Completed GET /api/v3/jobs -> 200
2025-12-09 06:24:04,393 INFO ucb.app [req=ee047cdd-bd69-4637-b069-dece1c16c65b] Incoming GET /api/v3/jobs
2025-12-09 06:24:04,394 INFO ucb.app [req=ee047cdd-bd69-4637-b069-dece1c16c65b] Completed GET /api/v3/jobs -> 200
2025-12-09 06:24:40,537 INFO ucb.app [req=232cba9e-91d9-4584-bf3d-3e1de4d93798] Incoming GET /api/v3/jobs
2025-12-09 06:24:40,540 INFO ucb.app [req=232cba9e-91d9-4584-bf3d-3e1de4d93798] Completed GET /api/v3/jobs -> 200
2025-12-09 06:24:52,013 INFO ucb.app [req=543ed67c-bbac-48e0-b89f-2a368d6fd7d3] Incoming GET /api/v3/jobs
2025-12-09 06:24:52,015 INFO ucb.app [req=543ed67c-bbac-48e0-b89f-2a368d6fd7d3] Completed GET /api/v3/jobs -> 200
2025-12-09 06:24:53,774 INFO ucb.app [req=da48bcb6-de5c-473e-a6d7-52b650b35cc7] Incoming GET /api/v3/jobs
2025-12-09 06:24:53,775 INFO ucb.app [req=da48bcb6-de5c-473e-a6d7-52b650b35cc7] Completed GET /api/v3/jobs -> 200
2025-12-09 06:34:52,645 INFO ucb.app [req=7209ac88-de48-453a-81d2-83fc22777cf9] Incoming GET /api/v3/jobs
2025-12-09 06:35:14,519 INFO ucb.app [req=7209ac88-de48-453a-81d2-83fc22777cf9] Completed GET /api/v3/jobs -> 200
2025-12-09 06:35:14,524 INFO ucb.app [req=1d4b23d6-47ce-4fac-8df2-5512a9f9b5ab] Incoming GET /api/v3/jobs
2025-12-09 06:35:14,531 INFO ucb.app [req=1d4b23d6-47ce-4fac-8df2-5512a9f9b5ab] Completed GET /api/v3/jobs -> 200
2025-12-09 06:35:14,544 INFO ucb.app [req=7895146c-68d2-46b4-bfb4-20154d354c5c] Incoming GET /api/v3/jobs
2025-12-09 06:35:14,547 INFO ucb.app [req=7895146c-68d2-46b4-bfb4-20154d354c5c] Completed GET /api/v3/jobs -> 200
2025-12-09 06:35:14,555 INFO ucb.app [req=02d53358-6708-4758-9bc9-b605a744a40e] Incoming GET /api/v3/jobs
2025-12-09 06:35:14,557 INFO ucb.app [req=02d53358-6708-4758-9bc9-b605a744a40e] Completed GET /api/v3/jobs -> 200
2025-12-09 06:37:54,490 INFO ucb.app [req=7698cae1-324c-4df9-b061-8223fccd4451] Incoming GET /api/v3/jobs
2025-12-09 06:37:54,492 INFO ucb.app [req=7698cae1-324c-4df9-b061-8223fccd4451] Completed GET /api/v3/jobs -> 200
2025-12-09 06:37:54,803 INFO ucb.app [req=ead14c2e-c5c9-4f10-82cb-787ba549f101] Incoming GET /api/v3/jobs
2025-12-09 06:37:54,809 INFO ucb.app [req=ead14c2e-c5c9-4f10-82cb-787ba549f101] Completed GET /api/v3/jobs -> 200
2025-12-09 06:38:11,568 INFO ucb.app [req=fd643920-d37a-4319-b075-4ac8d8acd1e9] Incoming GET /api/v3/jobs
2025-12-09 06:38:11,574 INFO ucb.app [req=fd643920-d37a-4319-b075-4ac8d8acd1e9] Completed GET /api/v3/jobs -> 200
2025-12-09 06:38:12,200 INFO ucb.app [req=b020019f-7f2d-47ff-8c0c-03be26d086a0] Incoming GET /api/v3/jobs
2025-12-09 06:38:12,202 INFO ucb.app [req=b020019f-7f2d-47ff-8c0c-03be26d086a0] Completed GET /api/v3/jobs -> 200
2025-12-09 06:38:29,950 INFO ucb.app [req=b33305aa-3385-4007-b63c-f52f6902a403] Incoming GET /api/v3/jobs
2025-12-09 06:38:29,953 INFO ucb.app [req=b33305aa-3385-4007-b63c-f52f6902a403] Completed GET /api/v3/jobs -> 200
2025-12-09 06:38:32,209 INFO ucb.app [req=54c8851d-6cb5-49d0-8b81-d6f72aa403e8] Incoming GET /api/v3/jobs
2025-12-09 06:38:32,212 INFO ucb.app [req=54c8851d-6cb5-49d0-8b81-d6f72aa403e8] Completed GET /api/v3/jobs -> 200
2025-12-09 06:38:57,887 INFO ucb.app [req=8d223183-9e67-41a5-8c25-cdddf691e976] Incoming GET /api/v3/jobs
2025-12-09 06:38:57,889 INFO ucb.app [req=8d223183-9e67-41a5-8c25-cdddf691e976] Completed GET /api/v3/jobs -> 200
2025-12-09 06:43:10,261 INFO ucb.app [req=bad64c6e-1d06-4b20-b81c-55341f17c02f] Incoming GET /api/v3/jobs
2025-12-09 06:43:10,263 INFO ucb.app [req=bad64c6e-1d06-4b20-b81c-55341f17c02f] Completed GET /api/v3/jobs -> 200
2025-12-09 06:47:51,635 INFO ucb.app [req=5261ea17-82a5-4ca2-a79e-6b5a1743a3c7] Incoming GET /api/v3/jobs
2025-12-09 06:47:51,638 INFO ucb.app [req=5261ea17-82a5-4ca2-a79e-6b5a1743a3c7] Completed GET /api/v3/jobs -> 200
2025-12-09 06:47:51,977 INFO ucb.app [req=cce240fd-f177-4eb6-ae49-0efd5cabd843] Incoming GET /api/v3/jobs
2025-12-09 06:47:51,981 INFO ucb.app [req=cce240fd-f177-4eb6-ae49-0efd5cabd843] Completed GET /api/v3/jobs -> 200
2025-12-09 06:48:02,758 INFO ucb.app [req=19a98a89-cf47-4946-ac6f-6672b8049cd6] Incoming GET /api/v3/jobs
2025-12-09 06:48:02,762 INFO ucb.app [req=19a98a89-cf47-4946-ac6f-6672b8049cd6] Completed GET /api/v3/jobs -> 200
2025-12-09 06:48:04,348 INFO ucb.app [req=50c00bfa-118d-41ef-a51f-b7b45e33e4d4] Incoming GET /api/v3/jobs
2025-12-09 06:48:04,351 INFO ucb.app [req=50c00bfa-118d-41ef-a51f-b7b45e33e4d4] Completed GET /api/v3/jobs -> 200
2025-12-09 06:48:39,660 INFO ucb.app [req=28f6f2a5-762b-4507-8811-460e00e18b56] Incoming GET /api/v3/jobs
2025-12-09 06:48:39,662 INFO ucb.app [req=28f6f2a5-762b-4507-8811-460e00e18b56] Completed GET /api/v3/jobs -> 200
2025-12-09 06:48:40,974 INFO ucb.app [req=ec43ab15-8711-4161-8edf-c557e6e6c2f4] Incoming GET /api/v3/jobs
2025-12-09 06:48:40,978 INFO ucb.app [req=ec43ab15-8711-4161-8edf-c557e6e6c2f4] Completed GET /api/v3/jobs -> 200
2025-12-09 06:56:14,073 INFO ucb.app [req=4b9376a2-1207-4f9c-b62b-4ae160b0cb78] Incoming GET /api/v3/jobs
2025-12-09 06:56:14,080 INFO ucb.app [req=4b9376a2-1207-4f9c-b62b-4ae160b0cb78] Completed GET /api/v3/jobs -> 200
2025-12-09 06:56:14,367 INFO ucb.app [req=90f65123-dc34-4108-bdc1-442408f126af] Incoming GET /api/v3/jobs
2025-12-09 06:56:14,372 INFO ucb.app [req=90f65123-dc34-4108-bdc1-442408f126af] Completed GET /api/v3/jobs -> 200
2025-12-09 06:56:15,437 INFO ucb.app [req=09d7f4c0-462a-4b6a-a7f4-f79922edd314] Incoming GET /api/v3/jobs
2025-12-09 06:56:15,440 INFO ucb.app [req=09d7f4c0-462a-4b6a-a7f4-f79922edd314] Completed GET /api/v3/jobs -> 200
2025-12-09 06:56:23,004 INFO ucb.app [req=e7dd26c6-ff51-4c3f-b7b0-0491a8e87bca] Incoming GET /api/v3/jobs
2025-12-09 06:56:23,009 INFO ucb.app [req=e7dd26c6-ff51-4c3f-b7b0-0491a8e87bca] Completed GET /api/v3/jobs -> 200
2025-12-09 06:56:34,921 INFO ucb.app [req=9fcec9d1-960e-4691-be1b-90ed5cdce5fa] Incoming GET /api/v3/jobs
2025-12-09 06:56:34,924 INFO ucb.app [req=9fcec9d1-960e-4691-be1b-90ed5cdce5fa] Completed GET /api/v3/jobs -> 200
2025-12-09 06:56:37,027 INFO ucb.app [req=44c137d5-7d10-423a-a40e-85dc2fb4fe88] Incoming GET /api/v3/jobs
2025-12-09 06:56:37,031 INFO ucb.app [req=44c137d5-7d10-423a-a40e-85dc2fb4fe88] Completed GET /api/v3/jobs -> 200
2025-12-09 07:00:22,161 INFO ucb.app [req=0bc8c440-fa37-42ab-a887-d532d51c1091] Incoming GET /api/v3/jobs
2025-12-09 07:00:22,166 INFO ucb.app [req=0bc8c440-fa37-42ab-a887-d532d51c1091] Completed GET /api/v3/jobs -> 200
2025-12-09 07:00:29,091 INFO ucb.app [req=61907c4e-fce1-4f3d-a249-35805a686820] Incoming GET /api/v3/jobs
2025-12-09 07:00:29,094 INFO ucb.app [req=61907c4e-fce1-4f3d-a249-35805a686820] Completed GET /api/v3/jobs -> 200
2025-12-09 07:00:30,076 INFO ucb.app [req=8116a237-92e7-41ec-8cd8-ef3f591e5ee5] Incoming GET /api/v3/jobs
2025-12-09 07:00:30,080 INFO ucb.app [req=8116a237-92e7-41ec-8cd8-ef3f591e5ee5] Completed GET /api/v3/jobs -> 200
2025-12-09 07:00:50,698 INFO ucb.app [req=53ac97d9-effa-4433-b686-a001ef890ccd] Incoming GET /api/v3/jobs
2025-12-09 07:02:01,327 INFO ucb.app [req=53ac97d9-effa-4433-b686-a001ef890ccd] Completed GET /api/v3/jobs -> 200
2025-12-09 07:02:01,333 INFO ucb.app [req=78d8b9c7-9f9f-4e8e-a447-7c9701ef4bb5] Incoming GET /api/v3/jobs
2025-12-09 07:02:01,337 INFO ucb.app [req=78d8b9c7-9f9f-4e8e-a447-7c9701ef4bb5] Completed GET /api/v3/jobs -> 200
2025-12-09 07:02:11,272 INFO ucb.app [req=57664948-ef64-4617-bf2f-4bde014ba3ef] Incoming GET /api/v3/jobs
2025-12-09 07:14:11,134 INFO ucb.app [req=57664948-ef64-4617-bf2f-4bde014ba3ef] Completed GET /api/v3/jobs -> 200
2025-12-09 07:14:11,137 INFO ucb.app [req=0e40ba2a-1c53-4e57-b327-8403ae636eaf] Incoming GET /api/v3/jobs
2025-12-09 07:14:11,138 INFO ucb.app [req=84a47921-098f-4f0b-8355-685b6cec2340] Incoming GET /api/v3/jobs
2025-12-09 07:14:11,139 INFO ucb.app [req=b9b41ed4-a0ca-4ea8-96d9-378ead92ae8d] Incoming GET /api/v3/jobs
2025-12-09 07:14:11,152 INFO ucb.app [req=0e40ba2a-1c53-4e57-b327-8403ae636eaf] Completed GET /api/v3/jobs -> 200
2025-12-09 07:14:11,153 INFO ucb.app [req=84a47921-098f-4f0b-8355-685b6cec2340] Completed GET /api/v3/jobs -> 200
2025-12-09 07:14:11,154 INFO ucb.app [req=b9b41ed4-a0ca-4ea8-96d9-378ead92ae8d] Completed GET /api/v3/jobs -> 200
2025-12-09 07:14:11,159 INFO ucb.app [req=d07b7ae5-a1d7-4fa5-8db9-ac3a88980ac4] Incoming GET /api/v3/jobs
2025-12-09 07:14:11,161 INFO ucb.app [req=d07b7ae5-a1d7-4fa5-8db9-ac3a88980ac4] Completed GET /api/v3/jobs -> 200
2025-12-09 07:14:11,164 INFO ucb.app [req=ffc9a063-c4d0-451f-b9d4-85e0ab1a7cdd] Incoming GET /api/v3/jobs
2025-12-09 07:14:11,168 INFO ucb.app [req=ffc9a063-c4d0-451f-b9d4-85e0ab1a7cdd] Completed GET /api/v3/jobs -> 200
2025-12-09 07:14:16,071 INFO ucb.app [req=a47d94e5-966d-461d-a390-8d92eb2338f4] Incoming GET /api/v3/jobs
2025-12-09 07:14:16,075 INFO ucb.app [req=a47d94e5-966d-461d-a390-8d92eb2338f4] Completed GET /api/v3/jobs -> 200
2025-12-09 07:14:18,750 INFO ucb.app [req=2038fb12-48af-4301-8a43-26b1d69071ae] Incoming GET /api/v3/jobs
2025-12-09 07:14:18,754 INFO ucb.app [req=2038fb12-48af-4301-8a43-26b1d69071ae] Completed GET /api/v3/jobs -> 200
2025-12-09 07:15:15,258 INFO ucb.app [req=d19d7ba1-cfe6-4893-b688-df24ec070d26] Incoming GET /api/v3/jobs
2025-12-09 07:15:15,263 INFO ucb.app [req=d19d7ba1-cfe6-4893-b688-df24ec070d26] Completed GET /api/v3/jobs -> 200
2025-12-09 07:15:16,600 INFO ucb.app [req=837ed10b-0a1a-422a-bff9-0ac2c6378cb5] Incoming GET /api/v3/jobs
2025-12-09 07:15:16,604 INFO ucb.app [req=837ed10b-0a1a-422a-bff9-0ac2c6378cb5] Completed GET /api/v3/jobs -> 200
2025-12-09 07:21:50,299 INFO ucb.app [req=774d15e1-2ae1-47cc-a425-521e0a77e0b4] Incoming GET /api/v3/jobs
2025-12-09 07:21:50,305 INFO ucb.app [req=774d15e1-2ae1-47cc-a425-521e0a77e0b4] Completed GET /api/v3/jobs -> 200
2025-12-09 07:21:52,302 INFO ucb.app [req=be5e1675-9586-4ee2-b291-322ba0898582] Incoming GET /api/v3/jobs
2025-12-09 07:21:52,307 INFO ucb.app [req=be5e1675-9586-4ee2-b291-322ba0898582] Completed GET /api/v3/jobs -> 200
2025-12-09 07:22:00,809 INFO ucb.app [req=b4bbbbc9-f748-4566-be25-7a4415e323a7] Incoming GET /api/v3/jobs
2025-12-09 07:22:00,814 INFO ucb.app [req=b4bbbbc9-f748-4566-be25-7a4415e323a7] Completed GET /api/v3/jobs -> 200
2025-12-09 07:22:01,531 INFO ucb.app [req=c225ae9f-1540-472f-b72a-774575831bc8] Incoming GET /api/v3/jobs
2025-12-09 07:22:01,535 INFO ucb.app [req=c225ae9f-1540-472f-b72a-774575831bc8] Completed GET /api/v3/jobs -> 200
2025-12-09 07:22:42,167 INFO ucb.app [req=87a9c939-c018-4b6d-8dd9-f348dfa148ec] Incoming GET /api/v3/jobs
2025-12-09 07:22:42,171 INFO ucb.app [req=87a9c939-c018-4b6d-8dd9-f348dfa148ec] Completed GET /api/v3/jobs -> 200
2025-12-09 07:22:43,826 INFO ucb.app [req=2d196c83-657e-4c77-8f39-31b72765886c] Incoming GET /api/v3/jobs
2025-12-09 07:22:43,830 INFO ucb.app [req=2d196c83-657e-4c77-8f39-31b72765886c] Completed GET /api/v3/jobs -> 200
2025-12-09 07:23:25,606 INFO ucb.app [req=951ee143-a8fd-4855-8cf8-1feb15849f45] Incoming GET /api/v3/jobs
2025-12-09 07:24:08,011 INFO ucb.app [req=951ee143-a8fd-4855-8cf8-1feb15849f45] Completed GET /api/v3/jobs -> 200
2025-12-09 07:24:08,014 INFO ucb.app [req=aa6cba5e-e47f-4b9c-bcf3-5c3c068687db] Incoming GET /api/v3/jobs
2025-12-09 07:24:08,019 INFO ucb.app [req=8d1f5655-6b11-48f3-8470-e110c019c0a3] Incoming GET /api/v3/jobs
2025-12-09 07:24:08,027 INFO ucb.app [req=aa6cba5e-e47f-4b9c-bcf3-5c3c068687db] Completed GET /api/v3/jobs -> 200
2025-12-09 07:24:08,029 INFO ucb.app [req=8d1f5655-6b11-48f3-8470-e110c019c0a3] Completed GET /api/v3/jobs -> 200
2025-12-09 07:24:08,037 INFO ucb.app [req=1c91258c-f7ef-4869-a7ea-9c29c48f9486] Incoming GET /api/v3/jobs
2025-12-09 07:24:08,044 INFO ucb.app [req=1c91258c-f7ef-4869-a7ea-9c29c48f9486] Completed GET /api/v3/jobs -> 200
2025-12-09 07:24:52,493 INFO ucb.app [req=e5e275fe-2532-444f-a41e-5bf9f8251812] Incoming GET /api/v3/jobs
2025-12-09 07:27:44,149 INFO ucb.app [req=e5e275fe-2532-444f-a41e-5bf9f8251812] Completed GET /api/v3/jobs -> 200
2025-12-09 07:27:44,151 INFO ucb.app [req=ab56c8af-41df-4f02-9bb8-a77bd1c0e53a] Incoming GET /api/v3/jobs
2025-12-09 07:27:44,153 INFO ucb.app [req=2b5df3ce-f437-4cb9-9682-59d1e55f00c3] Incoming OPTIONS /api/v3/jobs
2025-12-09 07:27:44,156 INFO ucb.app [req=188f623f-8243-4d7a-9195-20346f58d443] Incoming GET /api/v3/jobs
2025-12-09 07:27:44,158 INFO ucb.app [req=bb1296ac-3aa9-4f5e-89e5-3a58338197a7] Incoming GET /api/v3/jobs
2025-12-09 07:27:44,168 INFO ucb.app [req=ab56c8af-41df-4f02-9bb8-a77bd1c0e53a] Completed GET /api/v3/jobs -> 200
2025-12-09 07:27:44,169 INFO ucb.app [req=2b5df3ce-f437-4cb9-9682-59d1e55f00c3] Completed OPTIONS /api/v3/jobs -> 200
2025-12-09 07:27:44,172 INFO ucb.app [req=188f623f-8243-4d7a-9195-20346f58d443] Completed GET /api/v3/jobs -> 200
2025-12-09 07:27:44,173 INFO ucb.app [req=bb1296ac-3aa9-4f5e-89e5-3a58338197a7] Completed GET /api/v3/jobs -> 200
2025-12-09 07:27:44,177 INFO ucb.app [req=ad772a91-d50e-4985-9bc6-7c0d4421210d] Incoming POST /api/v3/jobs
2025-12-09 07:27:44,189 INFO ucb.app [req=ad772a91-d50e-4985-9bc6-7c0d4421210d] Completed POST /api/v3/jobs -> 200
2025-12-09 07:28:24,266 INFO ucb.app [req=99682136-39fc-489a-afb8-c11f13941916] Incoming GET /api/v3/jobs
2025-12-09 07:28:24,272 INFO ucb.app [req=99682136-39fc-489a-afb8-c11f13941916] Completed GET /api/v3/jobs -> 200
2025-12-09 07:28:51,177 INFO ucb.app [req=cf5b79c4-47f9-4f69-8ca6-4d39f60efe23] Incoming POST /api/v3/ucb/from-pdf
2025-12-09 07:30:51,520 INFO ucb.app [req=cf5b79c4-47f9-4f69-8ca6-4d39f60efe23] Completed POST /api/v3/ucb/from-pdf -> 200
2025-12-09 07:30:51,524 INFO ucb.app [req=7f556ef0-1456-4e9a-8bc5-e98c7ef1224b] Incoming GET /api/v3/jobs
2025-12-09 07:30:51,525 INFO ucb.app [req=2ed6a267-768a-4629-a487-e22096185c4e] Incoming GET /api/v3/jobs
2025-12-09 07:30:51,531 INFO ucb.app [req=7f556ef0-1456-4e9a-8bc5-e98c7ef1224b] Completed GET /api/v3/jobs -> 200
2025-12-09 07:30:51,532 INFO ucb.app [req=2ed6a267-768a-4629-a487-e22096185c4e] Completed GET /api/v3/jobs -> 200
2025-12-09 07:38:31,374 INFO ucb.app [req=d29104bf-76ef-4d1f-b89c-4074fab77cc3] Incoming GET /api/v3/jobs
2025-12-09 07:38:31,379 INFO ucb.app [req=d29104bf-76ef-4d1f-b89c-4074fab77cc3] Completed GET /api/v3/jobs -> 200
2025-12-09 07:38:31,637 INFO ucb.app [req=2e6a088b-4fc1-4c7b-8b96-a689c4f3d8ea] Incoming GET /api/v3/jobs
2025-12-09 07:38:31,642 INFO ucb.app [req=2e6a088b-4fc1-4c7b-8b96-a689c4f3d8ea] Completed GET /api/v3/jobs -> 200
2025-12-09 07:38:49,934 INFO ucb.app [req=9e26bc4f-6eaf-4b1e-aab2-c9b296c27959] Incoming POST /api/v3/ucb/from-pdf
2025-12-09 07:42:59,189 INFO ucb.app [req=9e26bc4f-6eaf-4b1e-aab2-c9b296c27959] Completed POST /api/v3/ucb/from-pdf -> 200
2025-12-09 07:43:04,745 INFO ucb.app [req=d1667612-0ecc-4ca8-94d1-7a86675188ed] Incoming POST /api/v3/ucb/from-pdf
2025-12-09 07:43:45,032 INFO ucb.app [req=d1667612-0ecc-4ca8-94d1-7a86675188ed] Completed POST /api/v3/ucb/from-pdf -> 200
2025-12-09 07:43:50,431 INFO ucb.app [req=ce357745-2d20-48c3-83bd-08d8e1457497] Incoming POST /api/v3/ucb/from-pdf
2025-12-09 07:45:00,822 INFO ucb.app [req=ce357745-2d20-48c3-83bd-08d8e1457497] Completed POST /api/v3/ucb/from-pdf -> 200
2025-12-09 07:45:41,035 INFO ucb.app [req=97905ad5-94b6-46b2-92c9-68c6a5aa5c64] Incoming GET /api/v3/jobs
2025-12-09 07:45:41,039 INFO ucb.app [req=97905ad5-94b6-46b2-92c9-68c6a5aa5c64] Completed GET /api/v3/jobs -> 200
2025-12-09 07:45:42,909 INFO ucb.app [req=e7f64277-a322-4094-ab8b-b9f0bd4ad393] Incoming GET /api/v3/jobs
2025-12-09 07:45:42,913 INFO ucb.app [req=e7f64277-a322-4094-ab8b-b9f0bd4ad393] Completed GET /api/v3/jobs -> 200
2025-12-09 07:46:03,563 INFO ucb.app [req=860dfcee-aa50-4609-8e06-632fb1181e5c] Incoming POST /api/v3/ucb/from-pdf
2025-12-09 07:49:25,992 INFO ucb.app [req=860dfcee-aa50-4609-8e06-632fb1181e5c] Completed POST /api/v3/ucb/from-pdf -> 200
2025-12-09 07:49:31,728 INFO ucb.app [req=b5dccbaf-89af-4112-8c50-066fbaf0930b] Incoming POST /api/v3/ucb/from-pdf
2025-12-09 07:51:23,449 INFO ucb.app [req=b5dccbaf-89af-4112-8c50-066fbaf0930b] Completed POST /api/v3/ucb/from-pdf -> 200
2025-12-09 07:51:28,788 INFO ucb.app [req=d508cf3a-9900-421e-8a59-02feafc48400] Incoming POST /api/v3/ucb/from-pdf
2025-12-09 07:53:00,833 INFO ucb.app [req=d508cf3a-9900-421e-8a59-02feafc48400] Completed POST /api/v3/ucb/from-pdf -> 200
2025-12-09 07:56:53,787 INFO ucb.app [req=da5222b4-227f-41ed-81fd-12e6a60e506a] Incoming GET /api/v3/jobs
2025-12-09 07:56:53,791 INFO ucb.app [req=da5222b4-227f-41ed-81fd-12e6a60e506a] Completed GET /api/v3/jobs -> 200
2025-12-09 07:57:00,395 INFO ucb.app [req=b349ecf3-1ff0-4e21-850e-ac49ef422a15] Incoming GET /api/v3/jobs
2025-12-09 07:57:00,400 INFO ucb.app [req=b349ecf3-1ff0-4e21-850e-ac49ef422a15] Completed GET /api/v3/jobs -> 200
2025-12-09 07:57:28,472 INFO ucb.app [req=9d9e6c9c-9cfd-4a63-87bf-ccec69ae4e9b] Incoming GET /api/v3/jobs
2025-12-09 07:57:28,499 INFO ucb.app [req=9d9e6c9c-9cfd-4a63-87bf-ccec69ae4e9b] Completed GET /api/v3/jobs -> 200
2025-12-09 08:00:09,163 INFO ucb.app [req=d8a65463-d7c4-4ee5-9ff7-2e7bad27a7d2] Incoming GET /api/v3/jobs
2025-12-09 08:00:09,169 INFO ucb.app [req=33c67770-844e-429c-9dfd-801905d7e627] Incoming GET /api/v3/ucb/history
2025-12-09 08:00:09,172 INFO ucb.app [req=d8a65463-d7c4-4ee5-9ff7-2e7bad27a7d2] Completed GET /api/v3/jobs -> 200
2025-12-09 08:00:09,183 INFO ucb.app [req=0d009110-ffb3-4cc4-8b22-ce214e7fe633] Incoming GET /api/v3/jobs
2025-12-09 08:00:09,192 INFO ucb.app [req=0d009110-ffb3-4cc4-8b22-ce214e7fe633] Completed GET /api/v3/jobs -> 200
2025-12-09 08:00:09,885 INFO ucb.app [req=10bb9b76-09f7-4cc9-a9b7-f60f92f7eeaa] Incoming GET /api/v3/jobs
2025-12-09 08:00:09,892 INFO ucb.app [req=10bb9b76-09f7-4cc9-a9b7-f60f92f7eeaa] Completed GET /api/v3/jobs -> 200
2025-12-09 08:00:09,959 INFO ucb.app [req=80302076-8d8e-4b80-b036-0476d4ae568c] Incoming GET /api/v3/jobs
2025-12-09 08:00:09,962 INFO ucb.app [req=80302076-8d8e-4b80-b036-0476d4ae568c] Completed GET /api/v3/jobs -> 200
2025-12-09 08:00:09,968 INFO ucb.app [req=0225ee3a-3b18-4b1e-9384-b532cd5490e3] Incoming GET /api/v3/ucb/history
2025-12-09 08:00:10,268 INFO ucb.app [req=e78f1d78-5e2d-48e5-af3a-7e3815ad2f81] Incoming GET /api/v3/jobs
2025-12-09 08:00:10,273 INFO ucb.app [req=e78f1d78-5e2d-48e5-af3a-7e3815ad2f81] Completed GET /api/v3/jobs -> 200
2025-12-09 08:00:30,371 INFO ucb.app [req=bcfd608e-fd6c-4378-97fe-1fa7bd0a0ca7] Incoming GET /api/v3/ucb/history
2025-12-09 08:00:30,374 INFO ucb.app [req=4faa23bb-3dd1-409a-93d1-9f057f92b643] Incoming GET /api/v3/jobs
2025-12-09 08:00:30,378 INFO ucb.app [req=4faa23bb-3dd1-409a-93d1-9f057f92b643] Completed GET /api/v3/jobs -> 200
2025-12-09 08:00:30,383 INFO ucb.app [req=b7fe6e69-efa7-4f37-a62f-64e86cfc374c] Incoming GET /api/v3/jobs
2025-12-09 08:00:30,414 INFO ucb.app [req=b7fe6e69-efa7-4f37-a62f-64e86cfc374c] Completed GET /api/v3/jobs -> 200
2025-12-09 08:00:30,900 INFO ucb.app [req=b275f3dd-a917-4f9b-882b-05efe086c3d3] Incoming GET /api/v3/jobs
2025-12-09 08:00:30,904 INFO ucb.app [req=b275f3dd-a917-4f9b-882b-05efe086c3d3] Completed GET /api/v3/jobs -> 200
2025-12-09 08:00:30,910 INFO ucb.app [req=7d496f56-695d-4582-a464-c47c6c3da9c7] Incoming GET /api/v3/ucb/history
2025-12-09 08:00:31,220 INFO ucb.app [req=8ebcb648-bd33-4bd7-aa79-402137897f27] Incoming GET /api/v3/jobs
2025-12-09 08:00:31,226 INFO ucb.app [req=8ebcb648-bd33-4bd7-aa79-402137897f27] Completed GET /api/v3/jobs -> 200
2025-12-09 08:05:08,299 INFO ucb.app [req=1a9c62b8-d231-4391-ab45-a8b47baf667d] Incoming GET /api/v3/ucb/history
2025-12-09 08:05:08,302 INFO ucb.app [req=d32e2633-fde8-4492-a5e1-30a178ee9f8a] Incoming GET /api/v3/jobs
2025-12-09 08:05:08,309 INFO ucb.app [req=d32e2633-fde8-4492-a5e1-30a178ee9f8a] Completed GET /api/v3/jobs -> 200
2025-12-09 08:05:08,341 INFO ucb.app [req=c484e3f0-4a37-4fb8-a6f8-82278c1e788a] Incoming GET /api/v3/jobs
2025-12-09 08:05:08,360 INFO ucb.app [req=c484e3f0-4a37-4fb8-a6f8-82278c1e788a] Completed GET /api/v3/jobs -> 200
2025-12-09 08:05:08,362 INFO ucb.app [req=1a9c62b8-d231-4391-ab45-a8b47baf667d] Completed GET /api/v3/ucb/history -> 200
2025-12-09 08:05:08,618 INFO ucb.app [req=91af33d5-4b4a-4369-a0b5-5d8621586bfd] Incoming GET /api/v3/jobs
2025-12-09 08:05:08,624 INFO ucb.app [req=7e754fb4-cb87-4464-96a9-9da2d95720a0] Incoming GET /api/v3/ucb/history
2025-12-09 08:05:08,625 INFO ucb.app [req=91af33d5-4b4a-4369-a0b5-5d8621586bfd] Completed GET /api/v3/jobs -> 200
2025-12-09 08:05:08,629 INFO ucb.app [req=7c8f97bf-4591-405b-be68-a7e416316739] Incoming GET /api/v3/jobs
2025-12-09 08:05:08,634 INFO ucb.app [req=7c8f97bf-4591-405b-be68-a7e416316739] Completed GET /api/v3/jobs -> 200
2025-12-09 08:05:08,658 INFO ucb.app [req=7e754fb4-cb87-4464-96a9-9da2d95720a0] Completed GET /api/v3/ucb/history -> 200
2025-12-09 08:06:21,862 INFO ucb.app [req=c360691a-58a5-422b-b85a-27407fe9b883] Incoming GET /api/v3/jobs
2025-12-09 08:06:21,867 INFO ucb.app [req=1257c6d2-1b71-4012-b6c0-4051eeba41df] Incoming GET /api/v3/ucb/history
2025-12-09 08:06:21,871 INFO ucb.app [req=c360691a-58a5-422b-b85a-27407fe9b883] Completed GET /api/v3/jobs -> 200
2025-12-09 08:06:21,884 INFO ucb.app [req=97fb57b5-cea2-4a90-ad48-72f1f201425c] Incoming GET /api/v3/jobs
2025-12-09 08:06:21,922 INFO ucb.app [req=97fb57b5-cea2-4a90-ad48-72f1f201425c] Completed GET /api/v3/jobs -> 200
2025-12-09 08:06:21,932 INFO ucb.app [req=1257c6d2-1b71-4012-b6c0-4051eeba41df] Completed GET /api/v3/ucb/history -> 200
2025-12-09 08:06:24,874 INFO ucb.app [req=0f5469ae-eb50-4bdd-9c4a-0d5d5bd433bd] Incoming GET /api/v3/jobs
2025-12-09 08:06:24,878 INFO ucb.app [req=28815805-f6fa-4b51-a337-63a00927fddc] Incoming GET /api/v3/ucb/history
2025-12-09 08:06:24,879 INFO ucb.app [req=0f5469ae-eb50-4bdd-9c4a-0d5d5bd433bd] Completed GET /api/v3/jobs -> 200
2025-12-09 08:06:24,885 INFO ucb.app [req=68be6073-6844-4873-863e-6d12cf29498b] Incoming GET /api/v3/jobs
2025-12-09 08:06:24,889 INFO ucb.app [req=68be6073-6844-4873-863e-6d12cf29498b] Completed GET /api/v3/jobs -> 200
2025-12-09 08:06:24,908 INFO ucb.app [req=28815805-f6fa-4b51-a337-63a00927fddc] Completed GET /api/v3/ucb/history -> 200
2025-12-09 08:13:33,338 INFO ucb.app [req=fae5cdc7-0651-4691-a555-a4d2c11b022c] Incoming GET /api/v3/jobs
2025-12-09 09:14:38,155 INFO ucb.app [req=e065e987-0377-46cc-8c5d-dc44bcc70f28] Incoming GET /api/v3/ucb/history
2025-12-09 09:14:38,170 INFO ucb.app [req=fae5cdc7-0651-4691-a555-a4d2c11b022c] Completed GET /api/v3/jobs -> 200
2025-12-09 09:14:38,175 INFO ucb.app [req=4d64cfec-97e4-4bfc-a366-975e59ab3ac1] Incoming GET /api/v3/ucb/history
2025-12-09 09:14:38,176 INFO ucb.app [req=5ab7a9c8-c98d-4e6c-a925-beb5044354da] Incoming GET /api/v3/jobs
2025-12-09 09:14:38,176 INFO ucb.app [req=8d5342fc-056c-4748-b0f4-13a42f9ea696] Incoming GET /api/v3/ucb/history
2025-12-09 09:14:38,178 INFO ucb.app [req=8c9346c3-ef1a-46f3-891e-c3e13df895f2] Incoming GET /api/v3/ucb/history
2025-12-09 09:14:38,178 INFO ucb.app [req=58084a39-beec-44e9-a2bb-16b7ea76f9cf] Incoming GET /api/v3/ucb/history
2025-12-09 09:14:38,179 INFO ucb.app [req=14694d25-d41a-4513-ab45-9cf2f3111b04] Incoming GET /api/v3/jobs
2025-12-09 09:14:38,179 INFO ucb.app [req=33ba6e04-a819-42e5-91e1-0ae4e5452226] Incoming POST /api/v3/ucb/from-pdf
2025-12-09 09:14:38,180 INFO ucb.app [req=5d15a63f-3b40-425c-8f9e-3050bdb1f43a] Incoming GET /api/v3/ucb/history
2025-12-09 09:14:38,180 INFO ucb.app [req=db7bb222-6003-492a-b646-6eeee07665f8] Incoming GET /docs
2025-12-09 09:14:38,180 INFO ucb.app [req=b3fce2ad-f881-4c26-bc44-bbcb90603dbf] Incoming GET /api/v3/ucb/history
2025-12-09 09:14:38,181 INFO ucb.app [req=a01716a9-9b50-48d7-84a5-0e5fa8503b61] Incoming GET /api/v3/ucb/history
2025-12-09 09:14:38,181 INFO ucb.app [req=2e6afae8-3c78-482e-8730-01837a3bf050] Incoming GET /api/v3/ucb/history
2025-12-09 09:14:38,181 INFO ucb.app [req=c651f634-91f5-4361-8eb6-3adea5f1b9c8] Incoming GET /docs
2025-12-09 09:14:38,181 INFO ucb.app [req=e92420d3-605a-496c-86aa-2fa13b2ef849] Incoming GET /api/v3/jobs
2025-12-09 09:14:38,182 INFO ucb.app [req=469af3c4-5f21-4e1b-ac45-3d3b512a75cd] Incoming GET /api/v3/ucb/history
2025-12-09 09:14:38,182 INFO ucb.app [req=3bd2d3e8-97b6-4bc9-a527-7de81f1e4a7e] Incoming GET /docs
2025-12-09 09:14:38,182 INFO ucb.app [req=7099f74a-04cc-45cc-aa56-cb8fafdcf054] Incoming GET /api/v3/jobs
2025-12-09 09:14:38,182 INFO ucb.app [req=92c405a2-c250-47ed-847b-68e149e41ef3] Incoming GET /api/v3/jobs
2025-12-09 09:14:38,183 INFO ucb.app [req=20d67dbf-80c6-4a5e-844b-e06da0d29ae2] Incoming GET /api/v3/ucb/history
2025-12-09 09:14:38,183 INFO ucb.app [req=59e78887-025f-4507-a53f-19328ae575ad] Incoming GET /api/v3/jobs
2025-12-09 09:14:38,183 INFO ucb.app [req=e0af4a90-ab47-4975-972b-8b4f96a8ed26] Incoming GET /api/v3/ucb/history
2025-12-09 09:14:38,184 INFO ucb.app [req=39abf12f-1735-4813-9d0a-0acedbfa75d2] Incoming GET /api/v3/jobs
2025-12-09 09:14:38,185 INFO ucb.app [req=0defde2e-da29-43ea-8f15-b737c618dced] Incoming GET /api/v3/ucb/history
2025-12-09 09:14:38,186 INFO ucb.app [req=5f7f48b7-57ac-46a6-8710-454cc9530d3c] Incoming GET /api/v3/jobs
2025-12-09 09:14:38,186 INFO ucb.app [req=ce28361a-42b4-4dd0-930d-79d5a46efad7] Incoming GET /api/v3/ucb/history
2025-12-09 09:14:38,186 INFO ucb.app [req=093e3ecc-4a81-4246-9a79-436c6a4a6f3f] Incoming GET /docs
2025-12-09 09:14:38,187 INFO ucb.app [req=2d6a69ab-2307-49e6-8a50-155222af5cf5] Incoming GET /api/v3/ucb/history
2025-12-09 09:14:38,188 INFO ucb.app [req=c54b6b57-88c7-4058-8fc1-f97317a92508] Incoming GET /api/v3/ucb/history
2025-12-09 09:14:38,188 INFO ucb.app [req=f055b005-9dec-4f60-bd8a-cb85b90c1f19] Incoming GET /api/v3/ucb/history
2025-12-09 09:14:38,189 INFO ucb.app [req=6b5e6b17-6d6c-4022-9d37-fbf25fb5e6c8] Incoming GET /api/v3/ucb/history
2025-12-09 09:14:38,189 INFO ucb.app [req=db9a6659-8540-419d-b1a2-6cc02a653216] Incoming GET /docs
2025-12-09 09:14:38,190 INFO ucb.app [req=341ddcbf-176f-4a92-9137-62cec75fb840] Incoming GET /api/v3/jobs
2025-12-09 09:14:38,190 INFO ucb.app [req=d0185f0f-4f86-471f-a98f-c75e35239c01] Incoming GET /api/v3/ucb/history
2025-12-09 09:14:38,191 INFO ucb.app [req=aa064147-b1fa-43aa-8c54-bdfd2a709d3d] Incoming GET /api/v3/ucb/history
2025-12-09 09:14:38,191 INFO ucb.app [req=7c56da30-4454-41ad-b863-eb7d7b3326d2] Incoming GET /api/v3/jobs
2025-12-09 09:14:38,191 INFO ucb.app [req=6631025d-d723-41a7-bc99-aad642d05ae2] Incoming GET /api/v3/jobs
2025-12-09 09:14:38,191 INFO ucb.app [req=16636e06-344a-4e33-8350-bdf4d52f8af4] Incoming GET /api/v3/ucb/history
2025-12-09 09:14:38,192 INFO ucb.app [req=df4cd990-4128-45b9-913b-8692f056d3d2] Incoming GET /api/v3/ucb/history
2025-12-09 09:14:38,193 INFO ucb.app [req=8177a4e4-7721-4b26-8c27-f6802b85b654] Incoming GET /api/v3/jobs
2025-12-09 09:14:38,193 INFO ucb.app [req=8449d263-20e6-413a-977f-cd9127b13140] Incoming GET /api/v3/jobs
2025-12-09 09:14:38,194 INFO ucb.app [req=8d11e490-ca88-40fe-bf82-1be73a816b87] Incoming GET /api/v3/jobs
2025-12-09 09:14:38,253 INFO ucb.app [req=5ab7a9c8-c98d-4e6c-a925-beb5044354da] Completed GET /api/v3/jobs -> 200
2025-12-09 09:14:38,256 INFO ucb.app [req=14694d25-d41a-4513-ab45-9cf2f3111b04] Completed GET /api/v3/jobs -> 200
2025-12-09 09:14:38,256 INFO ucb.app [req=db7bb222-6003-492a-b646-6eeee07665f8] Completed GET /docs -> 200
2025-12-09 09:14:38,257 INFO ucb.app [req=c651f634-91f5-4361-8eb6-3adea5f1b9c8] Completed GET /docs -> 200
2025-12-09 09:14:38,258 INFO ucb.app [req=e92420d3-605a-496c-86aa-2fa13b2ef849] Completed GET /api/v3/jobs -> 200
2025-12-09 09:14:38,258 INFO ucb.app [req=3bd2d3e8-97b6-4bc9-a527-7de81f1e4a7e] Completed GET /docs -> 200
2025-12-09 09:14:38,259 INFO ucb.app [req=7099f74a-04cc-45cc-aa56-cb8fafdcf054] Completed GET /api/v3/jobs -> 200
2025-12-09 09:14:38,260 INFO ucb.app [req=92c405a2-c250-47ed-847b-68e149e41ef3] Completed GET /api/v3/jobs -> 200
2025-12-09 09:14:38,261 INFO ucb.app [req=59e78887-025f-4507-a53f-19328ae575ad] Completed GET /api/v3/jobs -> 200
2025-12-09 09:14:38,263 INFO ucb.app [req=39abf12f-1735-4813-9d0a-0acedbfa75d2] Completed GET /api/v3/jobs -> 200
2025-12-09 09:14:38,263 INFO ucb.app [req=5f7f48b7-57ac-46a6-8710-454cc9530d3c] Completed GET /api/v3/jobs -> 200
2025-12-09 09:14:38,264 INFO ucb.app [req=093e3ecc-4a81-4246-9a79-436c6a4a6f3f] Completed GET /docs -> 200
2025-12-09 09:14:38,267 INFO ucb.app [req=db9a6659-8540-419d-b1a2-6cc02a653216] Completed GET /docs -> 200
2025-12-09 09:14:38,268 INFO ucb.app [req=341ddcbf-176f-4a92-9137-62cec75fb840] Completed GET /api/v3/jobs -> 200
2025-12-09 09:14:38,268 INFO ucb.app [req=7c56da30-4454-41ad-b863-eb7d7b3326d2] Completed GET /api/v3/jobs -> 200
2025-12-09 09:14:38,269 INFO ucb.app [req=6631025d-d723-41a7-bc99-aad642d05ae2] Completed GET /api/v3/jobs -> 200
2025-12-09 09:14:38,270 INFO ucb.app [req=8177a4e4-7721-4b26-8c27-f6802b85b654] Completed GET /api/v3/jobs -> 200
2025-12-09 09:14:38,270 INFO ucb.app [req=8449d263-20e6-413a-977f-cd9127b13140] Completed GET /api/v3/jobs -> 200
2025-12-09 09:14:38,270 INFO ucb.app [req=8d11e490-ca88-40fe-bf82-1be73a816b87] Completed GET /api/v3/jobs -> 200
2025-12-09 09:14:38,277 INFO ucb.app [req=e065e987-0377-46cc-8c5d-dc44bcc70f28] Completed GET /api/v3/ucb/history -> 200
2025-12-09 09:16:14,907 INFO ucb.app [req=33ba6e04-a819-42e5-91e1-0ae4e5452226] Completed POST /api/v3/ucb/from-pdf -> 200
2025-12-09 09:16:14,909 INFO ucb.app [req=394cdd41-5420-44a3-9bc5-853e8b197cda] Incoming GET /openapi.json
2025-12-09 09:16:14,940 INFO ucb.app [req=20d67dbf-80c6-4a5e-844b-e06da0d29ae2] Completed GET /api/v3/ucb/history -> 200
2025-12-09 09:16:14,941 INFO ucb.app [req=16636e06-344a-4e33-8350-bdf4d52f8af4] Completed GET /api/v3/ucb/history -> 200
2025-12-09 09:16:14,942 INFO ucb.app [req=4d64cfec-97e4-4bfc-a366-975e59ab3ac1] Completed GET /api/v3/ucb/history -> 200
2025-12-09 09:16:14,942 INFO ucb.app [req=5d15a63f-3b40-425c-8f9e-3050bdb1f43a] Completed GET /api/v3/ucb/history -> 200
2025-12-09 09:16:14,942 INFO ucb.app [req=d0185f0f-4f86-471f-a98f-c75e35239c01] Completed GET /api/v3/ucb/history -> 200
2025-12-09 09:16:14,943 INFO ucb.app [req=0defde2e-da29-43ea-8f15-b737c618dced] Completed GET /api/v3/ucb/history -> 200
2025-12-09 09:16:14,943 INFO ucb.app [req=8c9346c3-ef1a-46f3-891e-c3e13df895f2] Completed GET /api/v3/ucb/history -> 200
2025-12-09 09:16:14,944 INFO ucb.app [req=e0af4a90-ab47-4975-972b-8b4f96a8ed26] Completed GET /api/v3/ucb/history -> 200
2025-12-09 09:16:14,945 INFO ucb.app [req=a01716a9-9b50-48d7-84a5-0e5fa8503b61] Completed GET /api/v3/ucb/history -> 200
2025-12-09 09:16:14,945 INFO ucb.app [req=469af3c4-5f21-4e1b-ac45-3d3b512a75cd] Completed GET /api/v3/ucb/history -> 200
2025-12-09 09:16:14,945 INFO ucb.app [req=df4cd990-4128-45b9-913b-8692f056d3d2] Completed GET /api/v3/ucb/history -> 200
2025-12-09 09:16:14,946 INFO ucb.app [req=2e6afae8-3c78-482e-8730-01837a3bf050] Completed GET /api/v3/ucb/history -> 200
2025-12-09 09:16:14,954 INFO ucb.app [req=aa064147-b1fa-43aa-8c54-bdfd2a709d3d] Completed GET /api/v3/ucb/history -> 200
2025-12-09 09:16:14,955 INFO ucb.app [req=2d6a69ab-2307-49e6-8a50-155222af5cf5] Completed GET /api/v3/ucb/history -> 200
2025-12-09 09:16:14,956 INFO ucb.app [req=f055b005-9dec-4f60-bd8a-cb85b90c1f19] Completed GET /api/v3/ucb/history -> 200
2025-12-09 09:16:14,956 INFO ucb.app [req=ce28361a-42b4-4dd0-930d-79d5a46efad7] Completed GET /api/v3/ucb/history -> 200
2025-12-09 09:16:14,957 INFO ucb.app [req=58084a39-beec-44e9-a2bb-16b7ea76f9cf] Completed GET /api/v3/ucb/history -> 200
2025-12-09 09:16:14,957 INFO ucb.app [req=8d5342fc-056c-4748-b0f4-13a42f9ea696] Completed GET /api/v3/ucb/history -> 200
2025-12-09 09:16:14,958 INFO ucb.app [req=6b5e6b17-6d6c-4022-9d37-fbf25fb5e6c8] Completed GET /api/v3/ucb/history -> 200
2025-12-09 09:16:14,958 INFO ucb.app [req=c54b6b57-88c7-4058-8fc1-f97317a92508] Completed GET /api/v3/ucb/history -> 200
2025-12-09 09:16:14,958 INFO ucb.app [req=b3fce2ad-f881-4c26-bc44-bbcb90603dbf] Completed GET /api/v3/ucb/history -> 200
2025-12-09 09:16:14,959 INFO ucb.app [req=394cdd41-5420-44a3-9bc5-853e8b197cda] Completed GET /openapi.json -> 200
2025-12-09 09:17:02,997 INFO ucb.app [req=d22b66e6-9ac6-4be9-8532-f8a63d894bc5] Incoming GET /api/v3/ucb/history
2025-12-09 09:17:03,018 INFO ucb.app [req=d22b66e6-9ac6-4be9-8532-f8a63d894bc5] Completed GET /api/v3/ucb/history -> 200
2025-12-09 09:17:03,096 INFO ucb.app [req=b2a5868c-ef28-4ad1-8f8e-a4894c054277] Incoming GET /favicon.ico
2025-12-09 09:17:03,097 INFO ucb.app [req=b2a5868c-ef28-4ad1-8f8e-a4894c054277] Completed GET /favicon.ico -> 404
